2026-09-04 19:20:06,480 - freqtrade - INFO - freqtrade 2025.4-dev-bb0639f9e
2026-09-04 19:20:07,198 - freqtrade.configuration.load_config - INFO - Using config: M:\Documents\Programming\Python\freqtrade\user_data\config_benchmark.json ...
2026-09-04 19:20:07,201 - freqtrade.loggers - INFO - Enabling colorized output.
2026-09-04 19:20:07,203 - root - INFO - Logfile configured
2026-09-04 19:20:07,204 - freqtrade.loggers - INFO - Verbosity set to 2
2026-09-04 19:20:07,205 - freqtrade.configuration.configuration - INFO - Using max_open_trades: 6 ...
2026-09-04 19:20:07,206 - freqtrade.configuration.configuration - INFO - Parameter --timerange detected: 20190908-20260830 ...
2026-09-04 19:20:07,208 - freqtrade.configuration.configuration - INFO - Using user-data directory: M:\Documents\Programming\Python\freqtrade\user_data ...
2026-09-04 19:20:07,209 - freqtrade.configuration.configuration - INFO - Using data directory: M:\Documents\Programming\Python\freqtrade\user_data\data\binance ...
2026-09-04 19:20:07,211 - freqtrade.configuration.configuration - INFO - Parameter --epochs detected ... Will run Hyperopt with for 100 epochs ...
2026-09-04 19:20:07,212 - freqtrade.configuration.configuration - INFO - Parameter -s/--spaces detected: ['buy', 'sell', 'roi', 'stoploss', 'trailing']
2026-09-04 19:20:07,213 - freqtrade.configuration.configuration - INFO - Parameter -j/--job-workers detected: -1
2026-09-04 19:20:07,215 - freqtrade.configuration.configuration - INFO - Parameter --min-trades detected: 1
2026-09-04 19:20:07,217 - freqtrade.configuration.configuration - INFO - Using Hyperopt loss class name: SharpeHyperOptLossDaily
2026-09-04 19:20:07,217 - freqtrade.configuration.configuration - INFO - Filter trades by timerange: 20190908-20260830
2026-09-04 19:20:07,219 - freqtrade.exchange.check_exchange - INFO - Checking exchange...
2026-09-04 19:20:07,225 - freqtrade.exchange.check_exchange - INFO - Exchange "binance" is officially supported by the Freqtrade development team.
2026-09-04 19:20:07,227 - freqtrade.configuration.configuration - INFO - Using pairlist from configuration.
2026-09-04 19:20:07,229 - freqtrade.configuration.config_validation - INFO - Validating configuration ...
2026-09-04 19:20:07,231 - freqtrade.commands.optimize_commands - INFO - Starting freqtrade in Walk-forward mode
2026-09-04 19:20:07,236 - freqtrade.exchange.exchange - INFO - Instance is running with dry_run enabled
2026-09-04 19:20:07,237 - freqtrade.exchange.exchange - INFO - Using CCXT 4.4.75
2026-09-04 19:20:07,238 - freqtrade.exchange.exchange - INFO - Applying additional ccxt config: {'options': {'defaultType': 'swap'}}
2026-09-04 19:20:07,245 - freqtrade.exchange.exchange - INFO - Applying additional ccxt config: {'options': {'defaultType': 'swap'}}
2026-09-04 19:20:07,252 - freqtrade.exchange.exchange - INFO - Using Exchange "Binance"
2026-09-04 19:20:07,253 - freqtrade.exchange.exchange - DEBUG - Performing scheduled market reload..
2026-09-04 19:20:08,875 - freqtrade.resolvers.exchange_resolver - INFO - Using resolved exchange 'Binance'...
2026-09-04 19:20:08,882 - freqtrade.resolvers.iresolver - DEBUG - Searching for IStrategy ScreenerDpoEveningStar in 'M:\Documents\Programming\Python\freqtrade\user_data\strategies\__pycache__'
2026-09-04 19:20:08,883 - freqtrade.resolvers.iresolver - DEBUG - Ignoring M:\Documents\Programming\Python\freqtrade\user_data\strategies\__pycache__\HarmonicDivergence.cpython-311.pyc
2026-09-04 19:20:08,884 - freqtrade.resolvers.iresolver - DEBUG - Ignoring M:\Documents\Programming\Python\freqtrade\user_data\strategies\__pycache__\HarmonicDivergenceRegime.cpython-311.pyc
2026-09-04 19:20:08,885 - freqtrade.resolvers.iresolver - DEBUG - Ignoring M:\Documents\Programming\Python\freqtrade\user_data\strategies\__pycache__\Ichi.cpython-311.pyc
2026-09-04 19:20:08,886 - freqtrade.resolvers.iresolver - DEBUG - Ignoring M:\Documents\Programming\Python\freqtrade\user_data\strategies\__pycache__\NFIX7Guarded.cpython-311.pyc
2026-09-04 19:20:08,887 - freqtrade.resolvers.iresolver - DEBUG - Ignoring M:\Documents\Programming\Python\freqtrade\user_data\strategies\__pycache__\NFIX7GuardedRel.cpython-311.pyc
2026-09-04 19:20:08,888 - freqtrade.resolvers.iresolver - DEBUG - Ignoring M:\Documents\Programming\Python\freqtrade\user_data\strategies\__pycache__\NFIX7GuardedRelative.cpython-311.pyc
2026-09-04 19:20:08,890 - freqtrade.resolvers.iresolver - DEBUG - Ignoring M:\Documents\Programming\Python\freqtrade\user_data\strategies\__pycache__\NFIX7GuardedSweep.cpython-311.pyc
2026-09-04 19:20:08,891 - freqtrade.resolvers.iresolver - DEBUG - Ignoring M:\Documents\Programming\Python\freqtrade\user_data\strategies\__pycache__\NostalgiaForInfinityX6.cpython-311.pyc
2026-09-04 19:20:08,892 - freqtrade.resolvers.iresolver - DEBUG - Ignoring M:\Documents\Programming\Python\freqtrade\user_data\strategies\__pycache__\NostalgiaForInfinityX7.cpython-311.pyc
2026-09-04 19:20:08,894 - freqtrade.resolvers.iresolver - DEBUG - Ignoring M:\Documents\Programming\Python\freqtrade\user_data\strategies\__pycache__\ScreenerDpoBbwpWick.cpython-311.pyc
2026-09-04 19:20:08,895 - freqtrade.resolvers.iresolver - DEBUG - Ignoring M:\Documents\Programming\Python\freqtrade\user_data\strategies\__pycache__\ScreenerDpoEveningStar.cpython-311.pyc
2026-09-04 19:20:08,896 - freqtrade.resolvers.iresolver - DEBUG - Ignoring M:\Documents\Programming\Python\freqtrade\user_data\strategies\__pycache__\ScreenerDpoShootingStar.cpython-311.pyc
2026-09-04 19:20:08,897 - freqtrade.resolvers.iresolver - DEBUG - Ignoring M:\Documents\Programming\Python\freqtrade\user_data\strategies\__pycache__\ScreenerRank1RocVixAdLondon.cpython-311.pyc
2026-09-04 19:20:08,899 - freqtrade.resolvers.iresolver - DEBUG - Ignoring M:\Documents\Programming\Python\freqtrade\user_data\strategies\__pycache__\ScreenerRank4RsiChopPvtNy.cpython-311.pyc
2026-09-04 19:20:08,900 - freqtrade.resolvers.iresolver - DEBUG - Ignoring M:\Documents\Programming\Python\freqtrade\user_data\strategies\__pycache__\TurtleStrategy.cpython-311.pyc
2026-09-04 19:20:08,901 - freqtrade.resolvers.iresolver - DEBUG - Searching for IStrategy ScreenerDpoEveningStar in 'M:\Documents\Programming\Python\freqtrade\user_data\strategies\trend\__pycache__'
2026-09-04 19:20:08,902 - freqtrade.resolvers.iresolver - DEBUG - Ignoring M:\Documents\Programming\Python\freqtrade\user_data\strategies\trend\__pycache__\OctopusNestStrategy.cpython-310.pyc
2026-09-04 19:20:08,903 - freqtrade.resolvers.iresolver - DEBUG - Ignoring M:\Documents\Programming\Python\freqtrade\user_data\strategies\trend\__pycache__\OctopusNestStrategy.cpython-311.pyc
2026-09-04 19:20:08,904 - freqtrade.resolvers.iresolver - DEBUG - Ignoring 
M:\Documents\Programming\Python\freqtrade\user_data\strategies\trend\__pycache__\SuperKeltnerConvergenceStrategy.cpython-310.pyc
2026-09-04 19:20:08,906 - freqtrade.resolvers.iresolver - DEBUG - Ignoring 
M:\Documents\Programming\Python\freqtrade\user_data\strategies\trend\__pycache__\SuperKeltnerConvergenceStrategy.cpython-311.pyc
2026-09-04 19:20:08,907 - freqtrade.resolvers.iresolver - DEBUG - Ignoring M:\Documents\Programming\Python\freqtrade\user_data\strategies\trend\__pycache__\SuperKeltnerStrategy.cpython-310.pyc
2026-09-04 19:20:08,908 - freqtrade.resolvers.iresolver - DEBUG - Ignoring M:\Documents\Programming\Python\freqtrade\user_data\strategies\trend\__pycache__\SuperKeltnerStrategy.cpython-311.pyc
2026-09-04 19:20:08,910 - freqtrade.resolvers.iresolver - DEBUG - Ignoring M:\Documents\Programming\Python\freqtrade\user_data\strategies\trend\__pycache__\SupertrendKeltner.cpython-310.pyc
2026-09-04 19:20:08,911 - freqtrade.resolvers.iresolver - DEBUG - Ignoring M:\Documents\Programming\Python\freqtrade\user_data\strategies\trend\__pycache__\SupertrendKeltner.cpython-311.pyc
2026-09-04 19:20:08,912 - freqtrade.resolvers.iresolver - DEBUG - Ignoring M:\Documents\Programming\Python\freqtrade\user_data\strategies\trend\__pycache__\TrendOMaticNadarayaBaseline.cpython-311.pyc
2026-09-04 19:20:08,914 - freqtrade.resolvers.iresolver - DEBUG - Ignoring M:\Documents\Programming\Python\freqtrade\user_data\strategies\trend\__pycache__\TrendOMaticStrategy.cpython-310.pyc
2026-09-04 19:20:08,915 - freqtrade.resolvers.iresolver - DEBUG - Ignoring M:\Documents\Programming\Python\freqtrade\user_data\strategies\trend\__pycache__\TrendOMaticStrategy.cpython-311.pyc
2026-09-04 19:20:08,916 - freqtrade.resolvers.iresolver - DEBUG - Ignoring M:\Documents\Programming\Python\freqtrade\user_data\strategies\trend\__pycache__\TrendOMaticSweep.cpython-311.pyc
2026-09-04 19:20:08,917 - freqtrade.resolvers.iresolver - DEBUG - Searching for IStrategy ScreenerDpoEveningStar in 'M:\Documents\Programming\Python\freqtrade\user_data\strategies\trend'
2026-09-04 19:20:08,919 - freqtrade.resolvers.iresolver - DEBUG - Ignoring M:\Documents\Programming\Python\freqtrade\user_data\strategies\trend\OctopusNestStrategy.backup.json
2026-09-04 19:20:08,920 - freqtrade.resolvers.iresolver - DEBUG - Ignoring M:\Documents\Programming\Python\freqtrade\user_data\strategies\trend\OctopusNestStrategy.json
2026-09-04 19:20:09,096 - freqtrade.resolvers.iresolver - DEBUG - Ignoring M:\Documents\Programming\Python\freqtrade\user_data\strategies\trend\__pycache__
2026-09-04 19:20:09,099 - freqtrade.resolvers.iresolver - DEBUG - Searching for IStrategy ScreenerDpoEveningStar in 'M:\Documents\Programming\Python\freqtrade\user_data\strategies\regime\__pycache__'
2026-09-04 19:20:09,100 - freqtrade.resolvers.iresolver - DEBUG - Ignoring M:\Documents\Programming\Python\freqtrade\user_data\strategies\regime\__pycache__\HybridRegimeSwitcher.cpython-310.pyc
2026-09-04 19:20:09,101 - freqtrade.resolvers.iresolver - DEBUG - Ignoring M:\Documents\Programming\Python\freqtrade\user_data\strategies\regime\__pycache__\HybridRegimeSwitcher.cpython-311.pyc
2026-09-04 19:20:09,103 - freqtrade.resolvers.iresolver - DEBUG - Ignoring M:\Documents\Programming\Python\freqtrade\user_data\strategies\regime\__pycache__\LuxAlgo15mBTCLowRisk.cpython-310.pyc
2026-09-04 19:20:09,103 - freqtrade.resolvers.iresolver - DEBUG - Ignoring M:\Documents\Programming\Python\freqtrade\user_data\strategies\regime\__pycache__\LuxAlgo15mBTCLowRisk.cpython-311.pyc
2026-09-04 19:20:09,104 - freqtrade.resolvers.iresolver - DEBUG - Searching for IStrategy ScreenerDpoEveningStar in 'M:\Documents\Programming\Python\freqtrade\user_data\strategies\regime'
2026-09-04 19:20:09,107 - freqtrade.resolvers.iresolver - DEBUG - Ignoring M:\Documents\Programming\Python\freqtrade\user_data\strategies\regime\__pycache__
2026-09-04 19:20:09,108 - freqtrade.resolvers.iresolver - DEBUG - Searching for IStrategy ScreenerDpoEveningStar in 'M:\Documents\Programming\Python\freqtrade\user_data\strategies\pattern'
2026-09-04 19:20:09,109 - freqtrade.resolvers.iresolver - DEBUG - Ignoring M:\Documents\Programming\Python\freqtrade\user_data\strategies\pattern\.gitkeep
2026-09-04 19:20:09,110 - freqtrade.resolvers.iresolver - DEBUG - Ignoring M:\Documents\Programming\Python\freqtrade\user_data\strategies\pattern\README.md
2026-09-04 19:20:09,112 - freqtrade.resolvers.iresolver - DEBUG - Searching for IStrategy ScreenerDpoEveningStar in 'M:\Documents\Programming\Python\freqtrade\user_data\strategies\ml'
2026-09-04 19:20:09,113 - freqtrade.resolvers.iresolver - DEBUG - Ignoring M:\Documents\Programming\Python\freqtrade\user_data\strategies\ml\.gitkeep
2026-09-04 19:20:09,114 - freqtrade.resolvers.iresolver - DEBUG - Ignoring M:\Documents\Programming\Python\freqtrade\user_data\strategies\ml\README.md
2026-09-04 19:20:09,115 - freqtrade.resolvers.iresolver - DEBUG - Searching for IStrategy ScreenerDpoEveningStar in 'M:\Documents\Programming\Python\freqtrade\user_data\strategies\gkd\__pycache__'
2026-09-04 19:20:09,117 - freqtrade.resolvers.iresolver - DEBUG - Ignoring M:\Documents\Programming\Python\freqtrade\user_data\strategies\gkd\__pycache__\GkdAdaptive.cpython-310.pyc
2026-09-04 19:20:09,118 - freqtrade.resolvers.iresolver - DEBUG - Ignoring M:\Documents\Programming\Python\freqtrade\user_data\strategies\gkd\__pycache__\GkdAdaptive.cpython-311.pyc
2026-09-04 19:20:09,119 - freqtrade.resolvers.iresolver - DEBUG - Ignoring M:\Documents\Programming\Python\freqtrade\user_data\strategies\gkd\__pycache__\strategy_gkd_academic_final.cpython-310.pyc
2026-09-04 19:20:09,120 - freqtrade.resolvers.iresolver - DEBUG - Ignoring M:\Documents\Programming\Python\freqtrade\user_data\strategies\gkd\__pycache__\strategy_gkd_academic_final.cpython-311.pyc
2026-09-04 19:20:09,121 - freqtrade.resolvers.iresolver - DEBUG - Searching for IStrategy ScreenerDpoEveningStar in 'M:\Documents\Programming\Python\freqtrade\user_data\strategies\gkd'
2026-09-04 19:20:09,124 - freqtrade.resolvers.iresolver - DEBUG - Ignoring M:\Documents\Programming\Python\freqtrade\user_data\strategies\gkd\regime_map_academic.json
2026-09-04 19:20:09,126 - freqtrade.resolvers.iresolver - DEBUG - Ignoring M:\Documents\Programming\Python\freqtrade\user_data\strategies\gkd\__pycache__
2026-09-04 19:20:09,128 - freqtrade.resolvers.iresolver - DEBUG - Searching for IStrategy ScreenerDpoEveningStar in 'M:\Documents\Programming\Python\freqtrade\user_data\strategies\dip\__pycache__'
2026-09-04 19:20:09,128 - freqtrade.resolvers.iresolver - DEBUG - Ignoring M:\Documents\Programming\Python\freqtrade\user_data\strategies\dip\__pycache__\adaptive.cpython-310.pyc
2026-09-04 19:20:09,129 - freqtrade.resolvers.iresolver - DEBUG - Ignoring M:\Documents\Programming\Python\freqtrade\user_data\strategies\dip\__pycache__\adaptive.cpython-311.pyc
2026-09-04 19:20:09,130 - freqtrade.resolvers.iresolver - DEBUG - Ignoring M:\Documents\Programming\Python\freqtrade\user_data\strategies\dip\__pycache__\MfiEmaWaveTrend.cpython-310.pyc
2026-09-04 19:20:09,131 - freqtrade.resolvers.iresolver - DEBUG - Ignoring M:\Documents\Programming\Python\freqtrade\user_data\strategies\dip\__pycache__\MfiEmaWaveTrend.cpython-311.pyc
2026-09-04 19:20:09,133 - freqtrade.resolvers.iresolver - DEBUG - Ignoring M:\Documents\Programming\Python\freqtrade\user_data\strategies\dip\__pycache__\MfiEmaWaveTrend2.cpython-310.pyc
2026-09-04 19:20:09,134 - freqtrade.resolvers.iresolver - DEBUG - Ignoring M:\Documents\Programming\Python\freqtrade\user_data\strategies\dip\__pycache__\MfiEmaWaveTrend2.cpython-311.pyc
2026-09-04 19:20:09,135 - freqtrade.resolvers.iresolver - DEBUG - Ignoring M:\Documents\Programming\Python\freqtrade\user_data\strategies\dip\__pycache__\NadarayaWatson.cpython-310.pyc
2026-09-04 19:20:09,136 - freqtrade.resolvers.iresolver - DEBUG - Ignoring M:\Documents\Programming\Python\freqtrade\user_data\strategies\dip\__pycache__\NadarayaWatson.cpython-311.pyc
2026-09-04 19:20:09,137 - freqtrade.resolvers.iresolver - DEBUG - Ignoring M:\Documents\Programming\Python\freqtrade\user_data\strategies\dip\__pycache__\VixFixBb.cpython-310.pyc
2026-09-04 19:20:09,139 - freqtrade.resolvers.iresolver - DEBUG - Ignoring M:\Documents\Programming\Python\freqtrade\user_data\strategies\dip\__pycache__\VixFixBb.cpython-311.pyc
2026-09-04 19:20:09,140 - freqtrade.resolvers.iresolver - DEBUG - Ignoring M:\Documents\Programming\Python\freqtrade\user_data\strategies\dip\__pycache__\VixFixMultiLab.cpython-310.pyc
2026-09-04 19:20:09,141 - freqtrade.resolvers.iresolver - DEBUG - Ignoring M:\Documents\Programming\Python\freqtrade\user_data\strategies\dip\__pycache__\VixFixMultiLab.cpython-311.pyc
2026-09-04 19:20:09,142 - freqtrade.resolvers.iresolver - DEBUG - Ignoring M:\Documents\Programming\Python\freqtrade\user_data\strategies\dip\__pycache__\WildersVolatility.cpython-310.pyc
2026-09-04 19:20:09,144 - freqtrade.resolvers.iresolver - DEBUG - Ignoring M:\Documents\Programming\Python\freqtrade\user_data\strategies\dip\__pycache__\WildersVolatility.cpython-311.pyc
2026-09-04 19:20:09,145 - freqtrade.resolvers.iresolver - DEBUG - Ignoring M:\Documents\Programming\Python\freqtrade\user_data\strategies\dip\__pycache__\WildersVolatilityBingAi.cpython-310.pyc
2026-09-04 19:20:09,146 - freqtrade.resolvers.iresolver - DEBUG - Ignoring M:\Documents\Programming\Python\freqtrade\user_data\strategies\dip\__pycache__\WildersVolatilityBingAi.cpython-311.pyc
2026-09-04 19:20:09,147 - freqtrade.resolvers.iresolver - DEBUG - Searching for IStrategy ScreenerDpoEveningStar in 'M:\Documents\Programming\Python\freqtrade\user_data\strategies\dip'
2026-09-04 19:20:09,162 - freqtrade.resolvers.iresolver - DEBUG - Ignoring M:\Documents\Programming\Python\freqtrade\user_data\strategies\dip\MfiEmaWaveTrend2.json
2026-09-04 19:20:09,164 - freqtrade.resolvers.iresolver - DEBUG - Ignoring M:\Documents\Programming\Python\freqtrade\user_data\strategies\dip\NadarayaWatson.json
2026-09-04 19:20:09,175 - freqtrade.resolvers.iresolver - DEBUG - Ignoring M:\Documents\Programming\Python\freqtrade\user_data\strategies\dip\__pycache__
2026-09-04 19:20:09,177 - freqtrade.resolvers.iresolver - DEBUG - Searching for IStrategy ScreenerDpoEveningStar in 'M:\Documents\Programming\Python\freqtrade\user_data\strategies\demo\__pycache__'
2026-09-04 19:20:09,178 - freqtrade.resolvers.iresolver - DEBUG - Ignoring M:\Documents\Programming\Python\freqtrade\user_data\strategies\demo\__pycache__\ExampleComponentStrategy.cpython-310.pyc
2026-09-04 19:20:09,179 - freqtrade.resolvers.iresolver - DEBUG - Ignoring M:\Documents\Programming\Python\freqtrade\user_data\strategies\demo\__pycache__\ExampleComponentStrategy.cpython-311.pyc
2026-09-04 19:20:09,181 - freqtrade.resolvers.iresolver - DEBUG - Ignoring M:\Documents\Programming\Python\freqtrade\user_data\strategies\demo\__pycache__\StrategyTemplateV21.cpython-310.pyc
2026-09-04 19:20:09,182 - freqtrade.resolvers.iresolver - DEBUG - Ignoring M:\Documents\Programming\Python\freqtrade\user_data\strategies\demo\__pycache__\StrategyTemplateV21.cpython-311.pyc
2026-09-04 19:20:09,183 - freqtrade.resolvers.iresolver - DEBUG - Searching for IStrategy ScreenerDpoEveningStar in 'M:\Documents\Programming\Python\freqtrade\user_data\strategies\demo'
2026-09-04 19:20:09,186 - freqtrade.resolvers.iresolver - DEBUG - Ignoring M:\Documents\Programming\Python\freqtrade\user_data\strategies\demo\__pycache__
2026-09-04 19:20:09,188 - freqtrade.resolvers.iresolver - DEBUG - Searching for IStrategy ScreenerDpoEveningStar in 'M:\Documents\Programming\Python\freqtrade\user_data\strategies\debug\__pycache__'
2026-09-04 19:20:09,189 - freqtrade.resolvers.iresolver - DEBUG - Searching for IStrategy ScreenerDpoEveningStar in 'M:\Documents\Programming\Python\freqtrade\user_data\strategies\debug'
2026-09-04 19:20:09,190 - freqtrade.resolvers.iresolver - DEBUG - Ignoring M:\Documents\Programming\Python\freqtrade\user_data\strategies\debug\__pycache__
2026-09-04 19:20:09,192 - freqtrade.resolvers.iresolver - DEBUG - Searching for IStrategy ScreenerDpoEveningStar in 
'M:\Documents\Programming\Python\freqtrade\user_data\strategies\components\__pycache__'
2026-09-04 19:20:09,194 - freqtrade.resolvers.iresolver - DEBUG - Ignoring M:\Documents\Programming\Python\freqtrade\user_data\strategies\components\__pycache__\ehlers.cpython-310.pyc
2026-09-04 19:20:09,195 - freqtrade.resolvers.iresolver - DEBUG - Ignoring M:\Documents\Programming\Python\freqtrade\user_data\strategies\components\__pycache__\ehlers.cpython-311.pyc
2026-09-04 19:20:09,196 - freqtrade.resolvers.iresolver - DEBUG - Ignoring M:\Documents\Programming\Python\freqtrade\user_data\strategies\components\__pycache__\exit_levels.cpython-310.pyc
2026-09-04 19:20:09,197 - freqtrade.resolvers.iresolver - DEBUG - Ignoring M:\Documents\Programming\Python\freqtrade\user_data\strategies\components\__pycache__\exit_levels.cpython-311.pyc
2026-09-04 19:20:09,198 - freqtrade.resolvers.iresolver - DEBUG - Ignoring M:\Documents\Programming\Python\freqtrade\user_data\strategies\components\__pycache__\filters.cpython-310.pyc
2026-09-04 19:20:09,199 - freqtrade.resolvers.iresolver - DEBUG - Ignoring M:\Documents\Programming\Python\freqtrade\user_data\strategies\components\__pycache__\filters.cpython-311.pyc
2026-09-04 19:20:09,200 - freqtrade.resolvers.iresolver - DEBUG - Ignoring M:\Documents\Programming\Python\freqtrade\user_data\strategies\components\__pycache__\indicators.cpython-310.pyc
2026-09-04 19:20:09,201 - freqtrade.resolvers.iresolver - DEBUG - Ignoring M:\Documents\Programming\Python\freqtrade\user_data\strategies\components\__pycache__\indicators.cpython-311.pyc
2026-09-04 19:20:09,202 - freqtrade.resolvers.iresolver - DEBUG - Ignoring M:\Documents\Programming\Python\freqtrade\user_data\strategies\components\__pycache__\indicators_combo_engine.cpython-311.pyc
2026-09-04 19:20:09,203 - freqtrade.resolvers.iresolver - DEBUG - Ignoring M:\Documents\Programming\Python\freqtrade\user_data\strategies\components\__pycache__\indicators_pandas_ta.cpython-310.pyc
2026-09-04 19:20:09,204 - freqtrade.resolvers.iresolver - DEBUG - Ignoring M:\Documents\Programming\Python\freqtrade\user_data\strategies\components\__pycache__\indicators_pandas_ta.cpython-311.pyc
2026-09-04 19:20:09,206 - freqtrade.resolvers.iresolver - DEBUG - Ignoring M:\Documents\Programming\Python\freqtrade\user_data\strategies\components\__pycache__\loss_streak_lock.cpython-310.pyc
2026-09-04 19:20:09,207 - freqtrade.resolvers.iresolver - DEBUG - Ignoring M:\Documents\Programming\Python\freqtrade\user_data\strategies\components\__pycache__\loss_streak_lock.cpython-311.pyc
2026-09-04 19:20:09,208 - freqtrade.resolvers.iresolver - DEBUG - Ignoring M:\Documents\Programming\Python\freqtrade\user_data\strategies\components\__pycache__\risk.cpython-310.pyc
2026-09-04 19:20:09,210 - freqtrade.resolvers.iresolver - DEBUG - Ignoring M:\Documents\Programming\Python\freqtrade\user_data\strategies\components\__pycache__\risk.cpython-311.pyc
2026-09-04 19:20:09,211 - freqtrade.resolvers.iresolver - DEBUG - Ignoring M:\Documents\Programming\Python\freqtrade\user_data\strategies\components\__pycache__\signals.cpython-310.pyc
2026-09-04 19:20:09,212 - freqtrade.resolvers.iresolver - DEBUG - Ignoring M:\Documents\Programming\Python\freqtrade\user_data\strategies\components\__pycache__\signals.cpython-311.pyc
2026-09-04 19:20:09,214 - freqtrade.resolvers.iresolver - DEBUG - Ignoring M:\Documents\Programming\Python\freqtrade\user_data\strategies\components\__pycache__\strategy_base.cpython-310.pyc
2026-09-04 19:20:09,215 - freqtrade.resolvers.iresolver - DEBUG - Ignoring M:\Documents\Programming\Python\freqtrade\user_data\strategies\components\__pycache__\strategy_base.cpython-311.pyc
2026-09-04 19:20:09,216 - freqtrade.resolvers.iresolver - DEBUG - Ignoring M:\Documents\Programming\Python\freqtrade\user_data\strategies\components\__pycache__\_recursive_check.cpython-311.pyc
2026-09-04 19:20:09,217 - freqtrade.resolvers.iresolver - DEBUG - Ignoring M:\Documents\Programming\Python\freqtrade\user_data\strategies\components\__pycache__\_repaint_check.cpython-311.pyc
2026-09-04 19:20:09,218 - freqtrade.resolvers.iresolver - DEBUG - Ignoring M:\Documents\Programming\Python\freqtrade\user_data\strategies\components\__pycache__\_repaint_check_core.cpython-311.pyc
2026-09-04 19:20:09,219 - freqtrade.resolvers.iresolver - DEBUG - Ignoring M:\Documents\Programming\Python\freqtrade\user_data\strategies\components\__pycache__\__init__.cpython-310.pyc
2026-09-04 19:20:09,220 - freqtrade.resolvers.iresolver - DEBUG - Ignoring M:\Documents\Programming\Python\freqtrade\user_data\strategies\components\__pycache__\__init__.cpython-311.pyc
2026-09-04 19:20:09,221 - freqtrade.resolvers.iresolver - DEBUG - Searching for IStrategy ScreenerDpoEveningStar in 'M:\Documents\Programming\Python\freqtrade\user_data\strategies\components'
2026-09-04 19:20:09,234 - freqtrade.resolvers.iresolver - DEBUG - Ignoring M:\Documents\Programming\Python\freqtrade\user_data\strategies\components\README.md
2026-09-04 19:20:09,236 - freqtrade.resolvers.iresolver - DEBUG - Ignoring M:\Documents\Programming\Python\freqtrade\user_data\strategies\components\REPAINT_AUDIT_REPORT.md
2026-09-04 19:20:09,244 - freqtrade.resolvers.iresolver - WARNING - Could not import M:\Documents\Programming\Python\freqtrade\user_data\strategies\components\_repaint_check_core.py due to 'attempted 
relative import with no known parent package'
2026-09-04 19:20:09,247 - freqtrade.resolvers.iresolver - DEBUG - Ignoring M:\Documents\Programming\Python\freqtrade\user_data\strategies\components\__pycache__
2026-09-04 19:20:09,249 - freqtrade.resolvers.iresolver - DEBUG - Searching for IStrategy ScreenerDpoEveningStar in 'M:\Documents\Programming\Python\freqtrade\user_data\strategies\cluc\__pycache__'
2026-09-04 19:20:09,250 - freqtrade.resolvers.iresolver - DEBUG - Ignoring M:\Documents\Programming\Python\freqtrade\user_data\strategies\cluc\__pycache__\ClucHAnix_5m.cpython-310.pyc
2026-09-04 19:20:09,251 - freqtrade.resolvers.iresolver - DEBUG - Ignoring M:\Documents\Programming\Python\freqtrade\user_data\strategies\cluc\__pycache__\ClucHAnix_5m.cpython-311.pyc
2026-09-04 19:20:09,252 - freqtrade.resolvers.iresolver - DEBUG - Ignoring M:\Documents\Programming\Python\freqtrade\user_data\strategies\cluc\__pycache__\CombinedBinHClucAndMADV3.cpython-310.pyc
2026-09-04 19:20:09,253 - freqtrade.resolvers.iresolver - DEBUG - Ignoring M:\Documents\Programming\Python\freqtrade\user_data\strategies\cluc\__pycache__\CombinedBinHClucAndMADV3.cpython-311.pyc
2026-09-04 19:20:09,255 - freqtrade.resolvers.iresolver - DEBUG - Searching for IStrategy ScreenerDpoEveningStar in 'M:\Documents\Programming\Python\freqtrade\user_data\strategies\cluc'
2026-09-04 19:20:09,257 - freqtrade.resolvers.iresolver - DEBUG - Ignoring M:\Documents\Programming\Python\freqtrade\user_data\strategies\cluc\__pycache__
2026-09-04 19:20:09,259 - freqtrade.resolvers.iresolver - DEBUG - Searching for IStrategy ScreenerDpoEveningStar in 'M:\Documents\Programming\Python\freqtrade\user_data\strategies\bigz\__pycache__'
2026-09-04 19:20:09,259 - freqtrade.resolvers.iresolver - DEBUG - Ignoring M:\Documents\Programming\Python\freqtrade\user_data\strategies\bigz\__pycache__\BigZ06AtrSl.cpython-310.pyc
2026-09-04 19:20:09,261 - freqtrade.resolvers.iresolver - DEBUG - Ignoring M:\Documents\Programming\Python\freqtrade\user_data\strategies\bigz\__pycache__\BigZ06AtrSl.cpython-311.pyc
2026-09-04 19:20:09,262 - freqtrade.resolvers.iresolver - DEBUG - Ignoring M:\Documents\Programming\Python\freqtrade\user_data\strategies\bigz\__pycache__\BigZ06Original.cpython-310.pyc
2026-09-04 19:20:09,263 - freqtrade.resolvers.iresolver - DEBUG - Ignoring M:\Documents\Programming\Python\freqtrade\user_data\strategies\bigz\__pycache__\BigZ06Original.cpython-311.pyc
2026-09-04 19:20:09,264 - freqtrade.resolvers.iresolver - DEBUG - Ignoring M:\Documents\Programming\Python\freqtrade\user_data\strategies\bigz\__pycache__\BigZ07Next2.cpython-310.pyc
2026-09-04 19:20:09,265 - freqtrade.resolvers.iresolver - DEBUG - Ignoring M:\Documents\Programming\Python\freqtrade\user_data\strategies\bigz\__pycache__\BigZ07Next2.cpython-311.pyc
2026-09-04 19:20:09,266 - freqtrade.resolvers.iresolver - DEBUG - Ignoring M:\Documents\Programming\Python\freqtrade\user_data\strategies\bigz\__pycache__\BigZ08.cpython-310.pyc
2026-09-04 19:20:09,267 - freqtrade.resolvers.iresolver - DEBUG - Ignoring M:\Documents\Programming\Python\freqtrade\user_data\strategies\bigz\__pycache__\BigZ08.cpython-311.pyc
2026-09-04 19:20:09,268 - freqtrade.resolvers.iresolver - DEBUG - Ignoring M:\Documents\Programming\Python\freqtrade\user_data\strategies\bigz\__pycache__\_bigz_shared.cpython-310.pyc
2026-09-04 19:20:09,269 - freqtrade.resolvers.iresolver - DEBUG - Ignoring M:\Documents\Programming\Python\freqtrade\user_data\strategies\bigz\__pycache__\_bigz_shared.cpython-311.pyc
2026-09-04 19:20:09,270 - freqtrade.resolvers.iresolver - DEBUG - Searching for IStrategy ScreenerDpoEveningStar in 'M:\Documents\Programming\Python\freqtrade\user_data\strategies\bigz'
2026-09-04 19:20:09,277 - freqtrade.resolvers.iresolver - DEBUG - Ignoring M:\Documents\Programming\Python\freqtrade\user_data\strategies\bigz\BigZ08.json
2026-09-04 19:20:09,280 - freqtrade.resolvers.iresolver - DEBUG - Ignoring M:\Documents\Programming\Python\freqtrade\user_data\strategies\bigz\__pycache__
2026-09-04 19:20:09,281 - freqtrade.resolvers.iresolver - DEBUG - Searching for IStrategy ScreenerDpoEveningStar in 'M:\Documents\Programming\Python\freqtrade\user_data\strategies\bad\__pycache__'
2026-09-04 19:20:09,283 - freqtrade.resolvers.iresolver - DEBUG - Ignoring M:\Documents\Programming\Python\freqtrade\user_data\strategies\bad\__pycache__\BBModCEV1.cpython-310.pyc
2026-09-04 19:20:09,284 - freqtrade.resolvers.iresolver - DEBUG - Ignoring M:\Documents\Programming\Python\freqtrade\user_data\strategies\bad\__pycache__\BBModCEV1.cpython-311.pyc
2026-09-04 19:20:09,285 - freqtrade.resolvers.iresolver - DEBUG - Ignoring M:\Documents\Programming\Python\freqtrade\user_data\strategies\bad\__pycache__\BB_RPB_TSLmeneguzzo.cpython-310.pyc
2026-09-04 19:20:09,287 - freqtrade.resolvers.iresolver - DEBUG - Ignoring M:\Documents\Programming\Python\freqtrade\user_data\strategies\bad\__pycache__\BB_RPB_TSLmeneguzzo.cpython-311.pyc
2026-09-04 19:20:09,288 - freqtrade.resolvers.iresolver - DEBUG - Ignoring M:\Documents\Programming\Python\freqtrade\user_data\strategies\bad\__pycache__\BB_RTR.cpython-310.pyc
2026-09-04 19:20:09,289 - freqtrade.resolvers.iresolver - DEBUG - Ignoring M:\Documents\Programming\Python\freqtrade\user_data\strategies\bad\__pycache__\BB_RTR.cpython-311.pyc
2026-09-04 19:20:09,291 - freqtrade.resolvers.iresolver - DEBUG - Ignoring M:\Documents\Programming\Python\freqtrade\user_data\strategies\bad\__pycache__\ichiV1.cpython-310.pyc
2026-09-04 19:20:09,292 - freqtrade.resolvers.iresolver - DEBUG - Ignoring M:\Documents\Programming\Python\freqtrade\user_data\strategies\bad\__pycache__\ichiV1.cpython-311.pyc
2026-09-04 19:20:09,293 - freqtrade.resolvers.iresolver - DEBUG - Ignoring M:\Documents\Programming\Python\freqtrade\user_data\strategies\bad\__pycache__\newstrategy53.cpython-310.pyc
2026-09-04 19:20:09,294 - freqtrade.resolvers.iresolver - DEBUG - Ignoring M:\Documents\Programming\Python\freqtrade\user_data\strategies\bad\__pycache__\newstrategy53.cpython-311.pyc
2026-09-04 19:20:09,295 - freqtrade.resolvers.iresolver - DEBUG - Ignoring M:\Documents\Programming\Python\freqtrade\user_data\strategies\bad\__pycache__\turbov8.cpython-310.pyc
2026-09-04 19:20:09,296 - freqtrade.resolvers.iresolver - DEBUG - Ignoring M:\Documents\Programming\Python\freqtrade\user_data\strategies\bad\__pycache__\turbov8.cpython-311.pyc
2026-09-04 19:20:09,297 - freqtrade.resolvers.iresolver - DEBUG - Ignoring M:\Documents\Programming\Python\freqtrade\user_data\strategies\bad\__pycache__\WildersVolatilityBingAi.cpython-310.pyc
2026-09-04 19:20:09,299 - freqtrade.resolvers.iresolver - DEBUG - Ignoring M:\Documents\Programming\Python\freqtrade\user_data\strategies\bad\__pycache__\WildersVolatilityBingAi.cpython-311.pyc
2026-09-04 19:20:09,300 - freqtrade.resolvers.iresolver - DEBUG - Searching for IStrategy ScreenerDpoEveningStar in 'M:\Documents\Programming\Python\freqtrade\user_data\strategies\bad'
2026-09-04 19:20:09,307 - freqtrade.resolvers.iresolver - DEBUG - Ignoring M:\Documents\Programming\Python\freqtrade\user_data\strategies\bad\__pycache__
2026-09-04 19:20:09,308 - freqtrade.resolvers.iresolver - DEBUG - Searching for IStrategy ScreenerDpoEveningStar in 'M:\Documents\Programming\Python\freqtrade\user_data\strategies'
2026-09-04 19:20:09,309 - freqtrade.resolvers.iresolver - DEBUG - Ignoring M:\Documents\Programming\Python\freqtrade\user_data\strategies\bad
2026-09-04 19:20:09,310 - freqtrade.resolvers.iresolver - DEBUG - Ignoring M:\Documents\Programming\Python\freqtrade\user_data\strategies\bigz
2026-09-04 19:20:09,311 - freqtrade.resolvers.iresolver - DEBUG - Ignoring M:\Documents\Programming\Python\freqtrade\user_data\strategies\cluc
2026-09-04 19:20:09,313 - freqtrade.resolvers.iresolver - DEBUG - Ignoring M:\Documents\Programming\Python\freqtrade\user_data\strategies\commands.txt
2026-09-04 19:20:09,314 - freqtrade.resolvers.iresolver - DEBUG - Ignoring M:\Documents\Programming\Python\freqtrade\user_data\strategies\components
2026-09-04 19:20:09,315 - freqtrade.resolvers.iresolver - DEBUG - Ignoring M:\Documents\Programming\Python\freqtrade\user_data\strategies\debug
2026-09-04 19:20:09,316 - freqtrade.resolvers.iresolver - DEBUG - Ignoring M:\Documents\Programming\Python\freqtrade\user_data\strategies\demo
2026-09-04 19:20:09,317 - freqtrade.resolvers.iresolver - DEBUG - Ignoring M:\Documents\Programming\Python\freqtrade\user_data\strategies\dip
2026-09-04 19:20:09,319 - freqtrade.resolvers.iresolver - DEBUG - Ignoring M:\Documents\Programming\Python\freqtrade\user_data\strategies\gkd
[DBG] _ohlcv_load pair='DOGE/USDT:USDT' tf='15m' ct=<CandleType.FUTURES: 'futures'> datadir=WindowsPath('M:/Documents/Programming/Python/freqtrade/user_data/data/binance') -> filename=WindowsPath('M:/Documents/Programming/Python/freqtrade/user_data/data/binance/futures/DOGE_USDT_USDT-15m-futures.feather') exists=True
[DBG] read_feather OK DOGE/USDT:USDT rows=214975 cols=['date', 'open', 'high', 'low', 'close', 'volume']
[DBG] _ohlcv_load pair='XRP/USDT:USDT' tf='15m' ct=<CandleType.FUTURES: 'futures'> datadir=WindowsPath('M:/Documents/Programming/Python/freqtrade/user_data/data/binance') -> filename=WindowsPath('M:/Documents/Programming/Python/freqtrade/user_data/data/binance/futures/XRP_USDT_USDT-15m-futures.feather') exists=True
[DBG] read_feather OK XRP/USDT:USDT rows=232834 cols=['date', 'open', 'high', 'low', 'close', 'volume']
[DBG] _ohlcv_load pair='ENJ/USDT:USDT' tf='15m' ct=<CandleType.FUTURES: 'futures'> datadir=WindowsPath('M:/Documents/Programming/Python/freqtrade/user_data/data/binance') -> filename=WindowsPath('M:/Documents/Programming/Python/freqtrade/user_data/data/binance/futures/ENJ_USDT_USDT-15m-futures.feather') exists=True
[DBG] read_feather OK ENJ/USDT:USDT rows=207207 cols=['date', 'open', 'high', 'low', 'close', 'volume']
[DBG] _ohlcv_load pair='DOT/USDT:USDT' tf='15m' ct=<CandleType.FUTURES: 'futures'> datadir=WindowsPath('M:/Documents/Programming/Python/freqtrade/user_data/data/binance') -> filename=WindowsPath('M:/Documents/Programming/Python/freqtrade/user_data/data/binance/futures/DOT_USDT_USDT-15m-futures.feather') exists=True
[DBG] read_feather OK DOT/USDT:USDT rows=210855 cols=['date', 'open', 'high', 'low', 'close', 'volume']
[DBG] _ohlcv_load pair='CRV/USDT:USDT' tf='15m' ct=<CandleType.FUTURES: 'futures'> datadir=WindowsPath('M:/Documents/Programming/Python/freqtrade/user_data/data/binance') -> filename=WindowsPath('M:/Documents/Programming/Python/freqtrade/user_data/data/binance/futures/CRV_USDT_USDT-15m-futures.feather') exists=True
[DBG] read_feather OK CRV/USDT:USDT rows=209895 cols=['date', 'open', 'high', 'low', 'close', 'volume']
[DBG] _ohlcv_load pair='MANA/USDT:USDT' tf='15m' ct=<CandleType.FUTURES: 'futures'> datadir=WindowsPath('M:/Documents/Programming/Python/freqtrade/user_data/data/binance') -> filename=WindowsPath('M:/Documents/Programming/Python/freqtrade/user_data/data/binance/futures/MANA_USDT_USDT-15m-futures.feather') exists=True
[DBG] read_feather OK MANA/USDT:USDT rows=191175 cols=['date', 'open', 'high', 'low', 'close', 'volume']
[DBG] _ohlcv_load pair='SAND/USDT:USDT' tf='15m' ct=<CandleType.FUTURES: 'futures'> datadir=WindowsPath('M:/Documents/Programming/Python/freqtrade/user_data/data/binance') -> filename=WindowsPath('M:/Documents/Programming/Python/freqtrade/user_data/data/binance/futures/SAND_USDT_USDT-15m-futures.feather') exists=True
[DBG] read_feather OK SAND/USDT:USDT rows=195879 cols=['date', 'open', 'high', 'low', 'close', 'volume']
[DBG] _ohlcv_load pair='ATOM/USDT:USDT' tf='15m' ct=<CandleType.FUTURES: 'futures'> datadir=WindowsPath('M:/Documents/Programming/Python/freqtrade/user_data/data/binance') -> filename=WindowsPath('M:/Documents/Programming/Python/freqtrade/user_data/data/binance/futures/ATOM_USDT_USDT-15m-futures.feather') exists=True
[DBG] read_feather OK ATOM/USDT:USDT rows=229747 cols=['date', 'open', 'high', 'low', 'close', 'volume']
[DBG] _ohlcv_load pair='LTC/USDT:USDT' tf='15m' ct=<CandleType.FUTURES: 'futures'> datadir=WindowsPath('M:/Documents/Programming/Python/freqtrade/user_data/data/binance') -> filename=WindowsPath('M:/Documents/Programming/Python/freqtrade/user_data/data/binance/futures/LTC_USDT_USDT-15m-futures.feather') exists=True
[DBG] read_feather OK LTC/USDT:USDT rows=232547 cols=['date', 'open', 'high', 'low', 'close', 'volume']
[DBG] _ohlcv_load pair='APE/USDT:USDT' tf='15m' ct=<CandleType.FUTURES: 'futures'> datadir=WindowsPath('M:/Documents/Programming/Python/freqtrade/user_data/data/binance') -> filename=WindowsPath('M:/Documents/Programming/Python/freqtrade/user_data/data/binance/futures/APE_USDT_USDT-15m-futures.feather') exists=True
[DBG] read_feather OK APE/USDT:USDT rows=155911 cols=['date', 'open', 'high', 'low', 'close', 'volume']
[DBG] _ohlcv_load pair='ALGO/USDT:USDT' tf='15m' ct=<CandleType.FUTURES: 'futures'> datadir=WindowsPath('M:/Documents/Programming/Python/freqtrade/user_data/data/binance') -> filename=WindowsPath('M:/Documents/Programming/Python/freqtrade/user_data/data/binance/futures/ALGO_USDT_USDT-15m-futures.feather') exists=True
[DBG] read_feather OK ALGO/USDT:USDT rows=217279 cols=['date', 'open', 'high', 'low', 'close', 'volume']
[DBG] _ohlcv_load pair='GRT/USDT:USDT' tf='15m' ct=<CandleType.FUTURES: 'futures'> datadir=WindowsPath('M:/Documents/Programming/Python/freqtrade/user_data/data/binance') -> filename=WindowsPath('M:/Documents/Programming/Python/freqtrade/user_data/data/binance/futures/GRT_USDT_USDT-15m-futures.feather') exists=True
[DBG] read_feather OK GRT/USDT:USDT rows=199431 cols=['date', 'open', 'high', 'low', 'close', 'volume']
[DBG] _ohlcv_load pair='ANKR/USDT:USDT' tf='15m' ct=<CandleType.FUTURES: 'futures'> datadir=WindowsPath('M:/Documents/Programming/Python/freqtrade/user_data/data/binance') -> filename=WindowsPath('M:/Documents/Programming/Python/freqtrade/user_data/data/binance/futures/ANKR_USDT_USDT-15m-futures.feather') exists=True
[DBG] read_feather OK ANKR/USDT:USDT rows=102952 cols=['date', 'open', 'high', 'low', 'close', 'volume']
[DBG] _ohlcv_load pair='ONT/USDT:USDT' tf='15m' ct=<CandleType.FUTURES: 'futures'> datadir=WindowsPath('M:/Documents/Programming/Python/freqtrade/user_data/data/binance') -> filename=WindowsPath('M:/Documents/Programming/Python/freqtrade/user_data/data/binance/futures/ONT_USDT_USDT-15m-futures.feather') exists=True
[DBG] read_feather OK ONT/USDT:USDT rows=136176 cols=['date', 'open', 'high', 'low', 'close', 'volume']
[DBG] _ohlcv_load pair='SNX/USDT:USDT' tf='15m' ct=<CandleType.FUTURES: 'futures'> datadir=WindowsPath('M:/Documents/Programming/Python/freqtrade/user_data/data/binance') -> filename=WindowsPath('M:/Documents/Programming/Python/freqtrade/user_data/data/binance/futures/SNX_USDT_USDT-15m-futures.feather') exists=True
[DBG] read_feather OK SNX/USDT:USDT rows=118423 cols=['date', 'open', 'high', 'low', 'close', 'volume']
[DBG] _ohlcv_load pair='BAND/USDT:USDT' tf='15m' ct=<CandleType.FUTURES: 'futures'> datadir=WindowsPath('M:/Documents/Programming/Python/freqtrade/user_data/data/binance') -> filename=WindowsPath('M:/Documents/Programming/Python/freqtrade/user_data/data/binance/futures/BAND_USDT_USDT-15m-futures.feather') exists=True
[DBG] read_feather OK BAND/USDT:USDT rows=120332 cols=['date', 'open', 'high', 'low', 'close', 'volume']
[DBG] _ohlcv_load pair='BAT/USDT:USDT' tf='15m' ct=<CandleType.FUTURES: 'futures'> datadir=WindowsPath('M:/Documents/Programming/Python/freqtrade/user_data/data/binance') -> filename=WindowsPath('M:/Documents/Programming/Python/freqtrade/user_data/data/binance/futures/BAT_USDT_USDT-15m-futures.feather') exists=True
[DBG] read_feather OK BAT/USDT:USDT rows=135978 cols=['date', 'open', 'high', 'low', 'close', 'volume']
[DBG] _ohlcv_load pair='BCH/USDT:USDT' tf='15m' ct=<CandleType.FUTURES: 'futures'> datadir=WindowsPath('M:/Documents/Programming/Python/freqtrade/user_data/data/binance') -> filename=WindowsPath('M:/Documents/Programming/Python/freqtrade/user_data/data/binance/futures/BCH_USDT_USDT-15m-futures.feather') exists=True
[DBG] read_feather OK BCH/USDT:USDT rows=141339 cols=['date', 'open', 'high', 'low', 'close', 'volume']
[DBG] _ohlcv_load pair='IOTA/USDT:USDT' tf='15m' ct=<CandleType.FUTURES: 'futures'> datadir=WindowsPath('M:/Documents/Programming/Python/freqtrade/user_data/data/binance') -> filename=WindowsPath('M:/Documents/Programming/Python/freqtrade/user_data/data/binance/futures/IOTA_USDT_USDT-15m-futures.feather') exists=True
[DBG] read_feather OK IOTA/USDT:USDT rows=136088 cols=['date', 'open', 'high', 'low', 'close', 'volume']
[DBG] _ohlcv_load pair='LINK/USDT:USDT' tf='15m' ct=<CandleType.FUTURES: 'futures'> datadir=WindowsPath('M:/Documents/Programming/Python/freqtrade/user_data/data/binance') -> filename=WindowsPath('M:/Documents/Programming/Python/freqtrade/user_data/data/binance/futures/LINK_USDT_USDT-15m-futures.feather') exists=True
[DBG] read_feather OK LINK/USDT:USDT rows=139043 cols=['date', 'open', 'high', 'low', 'close', 'volume']
[DBG] _ohlcv_load pair='XTZ/USDT:USDT' tf='15m' ct=<CandleType.FUTURES: 'futures'> datadir=WindowsPath('M:/Documents/Programming/Python/freqtrade/user_data/data/binance') -> filename=WindowsPath('M:/Documents/Programming/Python/freqtrade/user_data/data/binance/futures/XTZ_USDT_USDT-15m-futures.feather') exists=True
[DBG] read_feather OK XTZ/USDT:USDT rows=137027 cols=['date', 'open', 'high', 'low', 'close', 'volume']
[DBG] _ohlcv_load pair='NEO/USDT:USDT' tf='15m' ct=<CandleType.FUTURES: 'futures'> datadir=WindowsPath('M:/Documents/Programming/Python/freqtrade/user_data/data/binance') -> filename=WindowsPath('M:/Documents/Programming/Python/freqtrade/user_data/data/binance/futures/NEO_USDT_USDT-15m-futures.feather') exists=True
[DBG] read_feather OK NEO/USDT:USDT rows=135587 cols=['date', 'open', 'high', 'low', 'close', 'volume']
[DBG] _ohlcv_load pair='DOGE/USDT:USDT' tf='8h' ct=<CandleType.FUNDING_RATE: 'funding_rate'> datadir=WindowsPath('M:/Documents/Programming/Python/freqtrade/user_data/data/binance') -> filename=WindowsPath('M:/Documents/Programming/Python/freqtrade/user_data/data/binance/futures/DOGE_USDT_USDT-8h-funding_rate.feather') exists=True
[DBG] read_feather OK DOGE/USDT:USDT rows=6725 cols=['date', 'open', 'high', 'low', 'close', 'volume']
[DBG] _ohlcv_load pair='XRP/USDT:USDT' tf='8h' ct=<CandleType.FUNDING_RATE: 'funding_rate'> datadir=WindowsPath('M:/Documents/Programming/Python/freqtrade/user_data/data/binance') -> filename=WindowsPath('M:/Documents/Programming/Python/freqtrade/user_data/data/binance/futures/XRP_USDT_USDT-8h-funding_rate.feather') exists=True
[DBG] read_feather OK XRP/USDT:USDT rows=7283 cols=['date', 'open', 'high', 'low', 'close', 'volume']
[DBG] _ohlcv_load pair='ENJ/USDT:USDT' tf='8h' ct=<CandleType.FUNDING_RATE: 'funding_rate'> datadir=WindowsPath('M:/Documents/Programming/Python/freqtrade/user_data/data/binance') -> filename=WindowsPath('M:/Documents/Programming/Python/freqtrade/user_data/data/binance/futures/ENJ_USDT_USDT-8h-funding_rate.feather') exists=True
[DBG] read_feather OK ENJ/USDT:USDT rows=6921 cols=['date', 'open', 'high', 'low', 'close', 'volume']
[DBG] _ohlcv_load pair='DOT/USDT:USDT' tf='8h' ct=<CandleType.FUNDING_RATE: 'funding_rate'> datadir=WindowsPath('M:/Documents/Programming/Python/freqtrade/user_data/data/binance') -> filename=WindowsPath('M:/Documents/Programming/Python/freqtrade/user_data/data/binance/futures/DOT_USDT_USDT-8h-funding_rate.feather') exists=True
[DBG] read_feather OK DOT/USDT:USDT rows=6602 cols=['date', 'open', 'high', 'low', 'close', 'volume']
[DBG] _ohlcv_load pair='CRV/USDT:USDT' tf='8h' ct=<CandleType.FUNDING_RATE: 'funding_rate'> datadir=WindowsPath('M:/Documents/Programming/Python/freqtrade/user_data/data/binance') -> filename=WindowsPath('M:/Documents/Programming/Python/freqtrade/user_data/data/binance/futures/CRV_USDT_USDT-8h-funding_rate.feather') exists=True
[DBG] read_feather OK CRV/USDT:USDT rows=6566 cols=['date', 'open', 'high', 'low', 'close', 'volume']
[DBG] _ohlcv_load pair='MANA/USDT:USDT' tf='8h' ct=<CandleType.FUNDING_RATE: 'funding_rate'> datadir=WindowsPath('M:/Documents/Programming/Python/freqtrade/user_data/data/binance') -> filename=WindowsPath('M:/Documents/Programming/Python/freqtrade/user_data/data/binance/futures/MANA_USDT_USDT-8h-funding_rate.feather') exists=True
[DBG] read_feather OK MANA/USDT:USDT rows=5981 cols=['date', 'open', 'high', 'low', 'close', 'volume']
[DBG] _ohlcv_load pair='SAND/USDT:USDT' tf='8h' ct=<CandleType.FUNDING_RATE: 'funding_rate'> datadir=WindowsPath('M:/Documents/Programming/Python/freqtrade/user_data/data/binance') -> filename=WindowsPath('M:/Documents/Programming/Python/freqtrade/user_data/data/binance/futures/SAND_USDT_USDT-8h-funding_rate.feather') exists=True
[DBG] read_feather OK SAND/USDT:USDT rows=6128 cols=['date', 'open', 'high', 'low', 'close', 'volume']
[DBG] _ohlcv_load pair='ATOM/USDT:USDT' tf='8h' ct=<CandleType.FUNDING_RATE: 'funding_rate'> datadir=WindowsPath('M:/Documents/Programming/Python/freqtrade/user_data/data/binance') -> filename=WindowsPath('M:/Documents/Programming/Python/freqtrade/user_data/data/binance/futures/ATOM_USDT_USDT-8h-funding_rate.feather') exists=True
[DBG] read_feather OK ATOM/USDT:USDT rows=7189 cols=['date', 'open', 'high', 'low', 'close', 'volume']
[DBG] _ohlcv_load pair='LTC/USDT:USDT' tf='8h' ct=<CandleType.FUNDING_RATE: 'funding_rate'> datadir=WindowsPath('M:/Documents/Programming/Python/freqtrade/user_data/data/binance') -> filename=WindowsPath('M:/Documents/Programming/Python/freqtrade/user_data/data/binance/futures/LTC_USDT_USDT-8h-funding_rate.feather') exists=True
[DBG] read_feather OK LTC/USDT:USDT rows=7274 cols=['date', 'open', 'high', 'low', 'close', 'volume']
[DBG] _ohlcv_load pair='APE/USDT:USDT' tf='8h' ct=<CandleType.FUNDING_RATE: 'funding_rate'> datadir=WindowsPath('M:/Documents/Programming/Python/freqtrade/user_data/data/binance') -> filename=WindowsPath('M:/Documents/Programming/Python/freqtrade/user_data/data/binance/futures/APE_USDT_USDT-8h-funding_rate.feather') exists=True
[DBG] read_feather OK APE/USDT:USDT rows=4879 cols=['date', 'open', 'high', 'low', 'close', 'volume']
[DBG] _ohlcv_load pair='ALGO/USDT:USDT' tf='8h' ct=<CandleType.FUNDING_RATE: 'funding_rate'> datadir=WindowsPath('M:/Documents/Programming/Python/freqtrade/user_data/data/binance') -> filename=WindowsPath('M:/Documents/Programming/Python/freqtrade/user_data/data/binance/futures/ALGO_USDT_USDT-8h-funding_rate.feather') exists=True
[DBG] read_feather OK ALGO/USDT:USDT rows=6859 cols=['date', 'open', 'high', 'low', 'close', 'volume']
[DBG] _ohlcv_load pair='GRT/USDT:USDT' tf='8h' ct=<CandleType.FUNDING_RATE: 'funding_rate'> datadir=WindowsPath('M:/Documents/Programming/Python/freqtrade/user_data/data/binance') -> filename=WindowsPath('M:/Documents/Programming/Python/freqtrade/user_data/data/binance/futures/GRT_USDT_USDT-8h-funding_rate.feather') exists=True
[DBG] read_feather OK GRT/USDT:USDT rows=6239 cols=['date', 'open', 'high', 'low', 'close', 'volume']
[DBG] _ohlcv_load pair='ANKR/USDT:USDT' tf='8h' ct=<CandleType.FUNDING_RATE: 'funding_rate'> datadir=WindowsPath('M:/Documents/Programming/Python/freqtrade/user_data/data/binance') -> filename=WindowsPath('M:/Documents/Programming/Python/freqtrade/user_data/data/binance/futures/ANKR_USDT_USDT-8h-funding_rate.feather') exists=True
[DBG] read_feather OK ANKR/USDT:USDT rows=6534 cols=['date', 'open', 'high', 'low', 'close', 'volume']
[DBG] _ohlcv_load pair='ONT/USDT:USDT' tf='8h' ct=<CandleType.FUNDING_RATE: 'funding_rate'> datadir=WindowsPath('M:/Documents/Programming/Python/freqtrade/user_data/data/binance') -> filename=WindowsPath('M:/Documents/Programming/Python/freqtrade/user_data/data/binance/futures/ONT_USDT_USDT-8h-funding_rate.feather') exists=True
[DBG] read_feather OK ONT/USDT:USDT rows=7582 cols=['date', 'open', 'high', 'low', 'close', 'volume']
[DBG] _ohlcv_load pair='SNX/USDT:USDT' tf='8h' ct=<CandleType.FUNDING_RATE: 'funding_rate'> datadir=WindowsPath('M:/Documents/Programming/Python/freqtrade/user_data/data/binance') -> filename=WindowsPath('M:/Documents/Programming/Python/freqtrade/user_data/data/binance/futures/SNX_USDT_USDT-8h-funding_rate.feather') exists=True
[DBG] read_feather OK SNX/USDT:USDT rows=6620 cols=['date', 'open', 'high', 'low', 'close', 'volume']
[DBG] _ohlcv_load pair='BAND/USDT:USDT' tf='8h' ct=<CandleType.FUNDING_RATE: 'funding_rate'> datadir=WindowsPath('M:/Documents/Programming/Python/freqtrade/user_data/data/binance') -> filename=WindowsPath('M:/Documents/Programming/Python/freqtrade/user_data/data/binance/futures/BAND_USDT_USDT-8h-funding_rate.feather') exists=True
[DBG] read_feather OK BAND/USDT:USDT rows=6668 cols=['date', 'open', 'high', 'low', 'close', 'volume']
[DBG] _ohlcv_load pair='BAT/USDT:USDT' tf='8h' ct=<CandleType.FUNDING_RATE: 'funding_rate'> datadir=WindowsPath('M:/Documents/Programming/Python/freqtrade/user_data/data/binance') -> filename=WindowsPath('M:/Documents/Programming/Python/freqtrade/user_data/data/binance/futures/BAT_USDT_USDT-8h-funding_rate.feather') exists=True
[DBG] read_feather OK BAT/USDT:USDT rows=7169 cols=['date', 'open', 'high', 'low', 'close', 'volume']
[DBG] _ohlcv_load pair='BCH/USDT:USDT' tf='8h' ct=<CandleType.FUNDING_RATE: 'funding_rate'> datadir=WindowsPath('M:/Documents/Programming/Python/freqtrade/user_data/data/binance') -> filename=WindowsPath('M:/Documents/Programming/Python/freqtrade/user_data/data/binance/futures/BCH_USDT_USDT-8h-funding_rate.feather') exists=True
[DBG] read_feather OK BCH/USDT:USDT rows=7336 cols=['date', 'open', 'high', 'low', 'close', 'volume']
[DBG] _ohlcv_load pair='IOTA/USDT:USDT' tf='8h' ct=<CandleType.FUNDING_RATE: 'funding_rate'> datadir=WindowsPath('M:/Documents/Programming/Python/freqtrade/user_data/data/binance') -> filename=WindowsPath('M:/Documents/Programming/Python/freqtrade/user_data/data/binance/futures/IOTA_USDT_USDT-8h-funding_rate.feather') exists=True
[DBG] read_feather OK IOTA/USDT:USDT rows=7172 cols=['date', 'open', 'high', 'low', 'close', 'volume']
[DBG] _ohlcv_load pair='LINK/USDT:USDT' tf='8h' ct=<CandleType.FUNDING_RATE: 'funding_rate'> datadir=WindowsPath('M:/Documents/Programming/Python/freqtrade/user_data/data/binance') -> filename=WindowsPath('M:/Documents/Programming/Python/freqtrade/user_data/data/binance/futures/LINK_USDT_USDT-8h-funding_rate.feather') exists=True
[DBG] read_feather OK LINK/USDT:USDT rows=7250 cols=['date', 'open', 'high', 'low', 'close', 'volume']
[DBG] _ohlcv_load pair='XTZ/USDT:USDT' tf='8h' ct=<CandleType.FUNDING_RATE: 'funding_rate'> datadir=WindowsPath('M:/Documents/Programming/Python/freqtrade/user_data/data/binance') -> filename=WindowsPath('M:/Documents/Programming/Python/freqtrade/user_data/data/binance/futures/XTZ_USDT_USDT-8h-funding_rate.feather') exists=True
[DBG] read_feather OK XTZ/USDT:USDT rows=7603 cols=['date', 'open', 'high', 'low', 'close', 'volume']
[DBG] _ohlcv_load pair='NEO/USDT:USDT' tf='8h' ct=<CandleType.FUNDING_RATE: 'funding_rate'> datadir=WindowsPath('M:/Documents/Programming/Python/freqtrade/user_data/data/binance') -> filename=WindowsPath('M:/Documents/Programming/Python/freqtrade/user_data/data/binance/futures/NEO_USDT_USDT-8h-funding_rate.feather') exists=True
[DBG] read_feather OK NEO/USDT:USDT rows=7157 cols=['date', 'open', 'high', 'low', 'close', 'volume']
[DBG] _ohlcv_load pair='DOGE/USDT:USDT' tf='8h' ct=<CandleType.MARK: 'mark'> datadir=WindowsPath('M:/Documents/Programming/Python/freqtrade/user_data/data/binance') -> filename=WindowsPath('M:/Documents/Programming/Python/freqtrade/user_data/data/binance/futures/DOGE_USDT_USDT-8h-mark.feather') exists=True
[DBG] read_feather OK DOGE/USDT:USDT rows=6727 cols=['date', 'open', 'high', 'low', 'close', 'volume']
[DBG] _ohlcv_load pair='XRP/USDT:USDT' tf='8h' ct=<CandleType.MARK: 'mark'> datadir=WindowsPath('M:/Documents/Programming/Python/freqtrade/user_data/data/binance') -> filename=WindowsPath('M:/Documents/Programming/Python/freqtrade/user_data/data/binance/futures/XRP_USDT_USDT-8h-mark.feather') exists=True
[DBG] read_feather OK XRP/USDT:USDT rows=7285 cols=['date', 'open', 'high', 'low', 'close', 'volume']
[DBG] _ohlcv_load pair='ENJ/USDT:USDT' tf='8h' ct=<CandleType.MARK: 'mark'> datadir=WindowsPath('M:/Documents/Programming/Python/freqtrade/user_data/data/binance') -> filename=WindowsPath('M:/Documents/Programming/Python/freqtrade/user_data/data/binance/futures/ENJ_USDT_USDT-8h-mark.feather') exists=True
[DBG] read_feather OK ENJ/USDT:USDT rows=6484 cols=['date', 'open', 'high', 'low', 'close', 'volume']
[DBG] _ohlcv_load pair='DOT/USDT:USDT' tf='8h' ct=<CandleType.MARK: 'mark'> datadir=WindowsPath('M:/Documents/Programming/Python/freqtrade/user_data/data/binance') -> filename=WindowsPath('M:/Documents/Programming/Python/freqtrade/user_data/data/binance/futures/DOT_USDT_USDT-8h-mark.feather') exists=True
[DBG] read_feather OK DOT/USDT:USDT rows=6604 cols=['date', 'open', 'high', 'low', 'close', 'volume']
[DBG] _ohlcv_load pair='CRV/USDT:USDT' tf='8h' ct=<CandleType.MARK: 'mark'> datadir=WindowsPath('M:/Documents/Programming/Python/freqtrade/user_data/data/binance') -> filename=WindowsPath('M:/Documents/Programming/Python/freqtrade/user_data/data/binance/futures/CRV_USDT_USDT-8h-mark.feather') exists=True
[DBG] read_feather OK CRV/USDT:USDT rows=6568 cols=['date', 'open', 'high', 'low', 'close', 'volume']
[DBG] _ohlcv_load pair='MANA/USDT:USDT' tf='8h' ct=<CandleType.MARK: 'mark'> datadir=WindowsPath('M:/Documents/Programming/Python/freqtrade/user_data/data/binance') -> filename=WindowsPath('M:/Documents/Programming/Python/freqtrade/user_data/data/binance/futures/MANA_USDT_USDT-8h-mark.feather') exists=True
[DBG] read_feather OK MANA/USDT:USDT rows=5983 cols=['date', 'open', 'high', 'low', 'close', 'volume']
[DBG] _ohlcv_load pair='SAND/USDT:USDT' tf='8h' ct=<CandleType.MARK: 'mark'> datadir=WindowsPath('M:/Documents/Programming/Python/freqtrade/user_data/data/binance') -> filename=WindowsPath('M:/Documents/Programming/Python/freqtrade/user_data/data/binance/futures/SAND_USDT_USDT-8h-mark.feather') exists=True
[DBG] read_feather OK SAND/USDT:USDT rows=6130 cols=['date', 'open', 'high', 'low', 'close', 'volume']
[DBG] _ohlcv_load pair='ATOM/USDT:USDT' tf='8h' ct=<CandleType.MARK: 'mark'> datadir=WindowsPath('M:/Documents/Programming/Python/freqtrade/user_data/data/binance') -> filename=WindowsPath('M:/Documents/Programming/Python/freqtrade/user_data/data/binance/futures/ATOM_USDT_USDT-8h-mark.feather') exists=True
[DBG] read_feather OK ATOM/USDT:USDT rows=7191 cols=['date', 'open', 'high', 'low', 'close', 'volume']
[DBG] _ohlcv_load pair='LTC/USDT:USDT' tf='8h' ct=<CandleType.MARK: 'mark'> datadir=WindowsPath('M:/Documents/Programming/Python/freqtrade/user_data/data/binance') -> filename=WindowsPath('M:/Documents/Programming/Python/freqtrade/user_data/data/binance/futures/LTC_USDT_USDT-8h-mark.feather') exists=True
[DBG] read_feather OK LTC/USDT:USDT rows=7276 cols=['date', 'open', 'high', 'low', 'close', 'volume']
[DBG] _ohlcv_load pair='APE/USDT:USDT' tf='8h' ct=<CandleType.MARK: 'mark'> datadir=WindowsPath('M:/Documents/Programming/Python/freqtrade/user_data/data/binance') -> filename=WindowsPath('M:/Documents/Programming/Python/freqtrade/user_data/data/binance/futures/APE_USDT_USDT-8h-mark.feather') exists=True
[DBG] read_feather OK APE/USDT:USDT rows=4881 cols=['date', 'open', 'high', 'low', 'close', 'volume']
[DBG] _ohlcv_load pair='ALGO/USDT:USDT' tf='8h' ct=<CandleType.MARK: 'mark'> datadir=WindowsPath('M:/Documents/Programming/Python/freqtrade/user_data/data/binance') -> filename=WindowsPath('M:/Documents/Programming/Python/freqtrade/user_data/data/binance/futures/ALGO_USDT_USDT-8h-mark.feather') exists=True
[DBG] read_feather OK ALGO/USDT:USDT rows=6861 cols=['date', 'open', 'high', 'low', 'close', 'volume']
[DBG] _ohlcv_load pair='GRT/USDT:USDT' tf='8h' ct=<CandleType.MARK: 'mark'> datadir=WindowsPath('M:/Documents/Programming/Python/freqtrade/user_data/data/binance') -> filename=WindowsPath('M:/Documents/Programming/Python/freqtrade/user_data/data/binance/futures/GRT_USDT_USDT-8h-mark.feather') exists=True
[DBG] read_feather OK GRT/USDT:USDT rows=6241 cols=['date', 'open', 'high', 'low', 'close', 'volume']
[DBG] _ohlcv_load pair='ANKR/USDT:USDT' tf='8h' ct=<CandleType.MARK: 'mark'> datadir=WindowsPath('M:/Documents/Programming/Python/freqtrade/user_data/data/binance') -> filename=WindowsPath('M:/Documents/Programming/Python/freqtrade/user_data/data/binance/futures/ANKR_USDT_USDT-8h-mark.feather') exists=True
[DBG] read_feather OK ANKR/USDT:USDT rows=6129 cols=['date', 'open', 'high', 'low', 'close', 'volume']
[DBG] _ohlcv_load pair='ONT/USDT:USDT' tf='8h' ct=<CandleType.MARK: 'mark'> datadir=WindowsPath('M:/Documents/Programming/Python/freqtrade/user_data/data/binance') -> filename=WindowsPath('M:/Documents/Programming/Python/freqtrade/user_data/data/binance/futures/ONT_USDT_USDT-8h-mark.feather') exists=True
[DBG] read_feather OK ONT/USDT:USDT rows=7177 cols=['date', 'open', 'high', 'low', 'close', 'volume']
[DBG] _ohlcv_load pair='SNX/USDT:USDT' tf='8h' ct=<CandleType.MARK: 'mark'> datadir=WindowsPath('M:/Documents/Programming/Python/freqtrade/user_data/data/binance') -> filename=WindowsPath('M:/Documents/Programming/Python/freqtrade/user_data/data/binance/futures/SNX_USDT_USDT-8h-mark.feather') exists=True
[DBG] read_feather OK SNX/USDT:USDT rows=6622 cols=['date', 'open', 'high', 'low', 'close', 'volume']
[DBG] _ohlcv_load pair='BAND/USDT:USDT' tf='8h' ct=<CandleType.MARK: 'mark'> datadir=WindowsPath('M:/Documents/Programming/Python/freqtrade/user_data/data/binance') -> filename=WindowsPath('M:/Documents/Programming/Python/freqtrade/user_data/data/binance/futures/BAND_USDT_USDT-8h-mark.feather') exists=True
[DBG] read_feather OK BAND/USDT:USDT rows=6670 cols=['date', 'open', 'high', 'low', 'close', 'volume']
[DBG] _ohlcv_load pair='BAT/USDT:USDT' tf='8h' ct=<CandleType.MARK: 'mark'> datadir=WindowsPath('M:/Documents/Programming/Python/freqtrade/user_data/data/binance') -> filename=WindowsPath('M:/Documents/Programming/Python/freqtrade/user_data/data/binance/futures/BAT_USDT_USDT-8h-mark.feather') exists=True
[DBG] read_feather OK BAT/USDT:USDT rows=7171 cols=['date', 'open', 'high', 'low', 'close', 'volume']
[DBG] _ohlcv_load pair='BCH/USDT:USDT' tf='8h' ct=<CandleType.MARK: 'mark'> datadir=WindowsPath('M:/Documents/Programming/Python/freqtrade/user_data/data/binance') -> filename=WindowsPath('M:/Documents/Programming/Python/freqtrade/user_data/data/binance/futures/BCH_USDT_USDT-8h-mark.feather') exists=True
[DBG] read_feather OK BCH/USDT:USDT rows=7326 cols=['date', 'open', 'high', 'low', 'close', 'volume']
[DBG] _ohlcv_load pair='IOTA/USDT:USDT' tf='8h' ct=<CandleType.MARK: 'mark'> datadir=WindowsPath('M:/Documents/Programming/Python/freqtrade/user_data/data/binance') -> filename=WindowsPath('M:/Documents/Programming/Python/freqtrade/user_data/data/binance/futures/IOTA_USDT_USDT-8h-mark.feather') exists=True
[DBG] read_feather OK IOTA/USDT:USDT rows=7174 cols=['date', 'open', 'high', 'low', 'close', 'volume']
[DBG] _ohlcv_load pair='LINK/USDT:USDT' tf='8h' ct=<CandleType.MARK: 'mark'> datadir=WindowsPath('M:/Documents/Programming/Python/freqtrade/user_data/data/binance') -> filename=WindowsPath('M:/Documents/Programming/Python/freqtrade/user_data/data/binance/futures/LINK_USDT_USDT-8h-mark.feather') exists=True
[DBG] read_feather OK LINK/USDT:USDT rows=7252 cols=['date', 'open', 'high', 'low', 'close', 'volume']
[DBG] _ohlcv_load pair='XTZ/USDT:USDT' tf='8h' ct=<CandleType.MARK: 'mark'> datadir=WindowsPath('M:/Documents/Programming/Python/freqtrade/user_data/data/binance') -> filename=WindowsPath('M:/Documents/Programming/Python/freqtrade/user_data/data/binance/futures/XTZ_USDT_USDT-8h-mark.feather') exists=True
[DBG] read_feather OK XTZ/USDT:USDT rows=7198 cols=['date', 'open', 'high', 'low', 'close', 'volume']
[DBG] _ohlcv_load pair='NEO/USDT:USDT' tf='8h' ct=<CandleType.MARK: 'mark'> datadir=WindowsPath('M:/Documents/Programming/Python/freqtrade/user_data/data/binance') -> filename=WindowsPath('M:/Documents/Programming/Python/freqtrade/user_data/data/binance/futures/NEO_USDT_USDT-8h-mark.feather') exists=True
[DBG] read_feather OK NEO/USDT:USDT rows=7159 cols=['date', 'open', 'high', 'low', 'close', 'volume']
[DBG] _ohlcv_load pair='DOGE/USDT:USDT' tf='15m' ct=<CandleType.FUTURES: 'futures'> datadir=WindowsPath('M:/Documents/Programming/Python/freqtrade/user_data/data/binance') -> filename=WindowsPath('M:/Documents/Programming/Python/freqtrade/user_data/data/binance/futures/DOGE_USDT_USDT-15m-futures.feather') exists=True
[DBG] read_feather OK DOGE/USDT:USDT rows=214975 cols=['date', 'open', 'high', 'low', 'close', 'volume']
[DBG] _check_empty_df EMPTY DOGE/USDT:USDT futures 15m
[DBG] _ohlcv_load pair='XRP/USDT:USDT' tf='15m' ct=<CandleType.FUTURES: 'futures'> datadir=WindowsPath('M:/Documents/Programming/Python/freqtrade/user_data/data/binance') -> filename=WindowsPath('M:/Documents/Programming/Python/freqtrade/user_data/data/binance/futures/XRP_USDT_USDT-15m-futures.feather') exists=True
[DBG] read_feather OK XRP/USDT:USDT rows=232834 cols=['date', 'open', 'high', 'low', 'close', 'volume']
[DBG] _check_empty_df EMPTY XRP/USDT:USDT futures 15m
[DBG] _ohlcv_load pair='ENJ/USDT:USDT' tf='15m' ct=<CandleType.FUTURES: 'futures'> datadir=WindowsPath('M:/Documents/Programming/Python/freqtrade/user_data/data/binance') -> filename=WindowsPath('M:/Documents/Programming/Python/freqtrade/user_data/data/binance/futures/ENJ_USDT_USDT-15m-futures.feather') exists=True
[DBG] read_feather OK ENJ/USDT:USDT rows=207207 cols=['date', 'open', 'high', 'low', 'close', 'volume']
[DBG] _check_empty_df EMPTY ENJ/USDT:USDT futures 15m
[DBG] _ohlcv_load pair='DOT/USDT:USDT' tf='15m' ct=<CandleType.FUTURES: 'futures'> datadir=WindowsPath('M:/Documents/Programming/Python/freqtrade/user_data/data/binance') -> filename=WindowsPath('M:/Documents/Programming/Python/freqtrade/user_data/data/binance/futures/DOT_USDT_USDT-15m-futures.feather') exists=True
[DBG] read_feather OK DOT/USDT:USDT rows=210855 cols=['date', 'open', 'high', 'low', 'close', 'volume']
[DBG] _check_empty_df EMPTY DOT/USDT:USDT futures 15m
[DBG] _ohlcv_load pair='CRV/USDT:USDT' tf='15m' ct=<CandleType.FUTURES: 'futures'> datadir=WindowsPath('M:/Documents/Programming/Python/freqtrade/user_data/data/binance') -> filename=WindowsPath('M:/Documents/Programming/Python/freqtrade/user_data/data/binance/futures/CRV_USDT_USDT-15m-futures.feather') exists=True
[DBG] read_feather OK CRV/USDT:USDT rows=209895 cols=['date', 'open', 'high', 'low', 'close', 'volume']
[DBG] _check_empty_df EMPTY CRV/USDT:USDT futures 15m
[DBG] _ohlcv_load pair='MANA/USDT:USDT' tf='15m' ct=<CandleType.FUTURES: 'futures'> datadir=WindowsPath('M:/Documents/Programming/Python/freqtrade/user_data/data/binance') -> filename=WindowsPath('M:/Documents/Programming/Python/freqtrade/user_data/data/binance/futures/MANA_USDT_USDT-15m-futures.feather') exists=True
[DBG] read_feather OK MANA/USDT:USDT rows=191175 cols=['date', 'open', 'high', 'low', 'close', 'volume']
[DBG] _check_empty_df EMPTY MANA/USDT:USDT futures 15m
[DBG] _ohlcv_load pair='SAND/USDT:USDT' tf='15m' ct=<CandleType.FUTURES: 'futures'> datadir=WindowsPath('M:/Documents/Programming/Python/freqtrade/user_data/data/binance') -> filename=WindowsPath('M:/Documents/Programming/Python/freqtrade/user_data/data/binance/futures/SAND_USDT_USDT-15m-futures.feather') exists=True
[DBG] read_feather OK SAND/USDT:USDT rows=195879 cols=['date', 'open', 'high', 'low', 'close', 'volume']
[DBG] _check_empty_df EMPTY SAND/USDT:USDT futures 15m
[DBG] _ohlcv_load pair='ATOM/USDT:USDT' tf='15m' ct=<CandleType.FUTURES: 'futures'> datadir=WindowsPath('M:/Documents/Programming/Python/freqtrade/user_data/data/binance') -> filename=WindowsPath('M:/Documents/Programming/Python/freqtrade/user_data/data/binance/futures/ATOM_USDT_USDT-15m-futures.feather') exists=True
[DBG] read_feather OK ATOM/USDT:USDT rows=229747 cols=['date', 'open', 'high', 'low', 'close', 'volume']
[DBG] _check_empty_df EMPTY ATOM/USDT:USDT futures 15m
[DBG] _ohlcv_load pair='LTC/USDT:USDT' tf='15m' ct=<CandleType.FUTURES: 'futures'> datadir=WindowsPath('M:/Documents/Programming/Python/freqtrade/user_data/data/binance') -> filename=WindowsPath('M:/Documents/Programming/Python/freqtrade/user_data/data/binance/futures/LTC_USDT_USDT-15m-futures.feather') exists=True
[DBG] read_feather OK LTC/USDT:USDT rows=232547 cols=['date', 'open', 'high', 'low', 'close', 'volume']
[DBG] _check_empty_df EMPTY LTC/USDT:USDT futures 15m
[DBG] _ohlcv_load pair='APE/USDT:USDT' tf='15m' ct=<CandleType.FUTURES: 'futures'> datadir=WindowsPath('M:/Documents/Programming/Python/freqtrade/user_data/data/binance') -> filename=WindowsPath('M:/Documents/Programming/Python/freqtrade/user_data/data/binance/futures/APE_USDT_USDT-15m-futures.feather') exists=True
[DBG] read_feather OK APE/USDT:USDT rows=155911 cols=['date', 'open', 'high', 'low', 'close', 'volume']
[DBG] _check_empty_df EMPTY APE/USDT:USDT futures 15m
[DBG] _ohlcv_load pair='ALGO/USDT:USDT' tf='15m' ct=<CandleType.FUTURES: 'futures'> datadir=WindowsPath('M:/Documents/Programming/Python/freqtrade/user_data/data/binance') -> filename=WindowsPath('M:/Documents/Programming/Python/freqtrade/user_data/data/binance/futures/ALGO_USDT_USDT-15m-futures.feather') exists=True
[DBG] read_feather OK ALGO/USDT:USDT rows=217279 cols=['date', 'open', 'high', 'low', 'close', 'volume']
[DBG] _check_empty_df EMPTY ALGO/USDT:USDT futures 15m
[DBG] _ohlcv_load pair='GRT/USDT:USDT' tf='15m' ct=<CandleType.FUTURES: 'futures'> datadir=WindowsPath('M:/Documents/Programming/Python/freqtrade/user_data/data/binance') -> filename=WindowsPath('M:/Documents/Programming/Python/freqtrade/user_data/data/binance/futures/GRT_USDT_USDT-15m-futures.feather') exists=True
[DBG] read_feather OK GRT/USDT:USDT rows=199431 cols=['date', 'open', 'high', 'low', 'close', 'volume']
[DBG] _check_empty_df EMPTY GRT/USDT:USDT futures 15m
[DBG] _ohlcv_load pair='ANKR/USDT:USDT' tf='15m' ct=<CandleType.FUTURES: 'futures'> datadir=WindowsPath('M:/Documents/Programming/Python/freqtrade/user_data/data/binance') -> filename=WindowsPath('M:/Documents/Programming/Python/freqtrade/user_data/data/binance/futures/ANKR_USDT_USDT-15m-futures.feather') exists=True
[DBG] read_feather OK ANKR/USDT:USDT rows=102952 cols=['date', 'open', 'high', 'low', 'close', 'volume']
[DBG] _check_empty_df EMPTY ANKR/USDT:USDT futures 15m
[DBG] _ohlcv_load pair='ONT/USDT:USDT' tf='15m' ct=<CandleType.FUTURES: 'futures'> datadir=WindowsPath('M:/Documents/Programming/Python/freqtrade/user_data/data/binance') -> filename=WindowsPath('M:/Documents/Programming/Python/freqtrade/user_data/data/binance/futures/ONT_USDT_USDT-15m-futures.feather') exists=True
[DBG] read_feather OK ONT/USDT:USDT rows=136176 cols=['date', 'open', 'high', 'low', 'close', 'volume']
[DBG] _check_empty_df EMPTY ONT/USDT:USDT futures 15m
[DBG] _ohlcv_load pair='SNX/USDT:USDT' tf='15m' ct=<CandleType.FUTURES: 'futures'> datadir=WindowsPath('M:/Documents/Programming/Python/freqtrade/user_data/data/binance') -> filename=WindowsPath('M:/Documents/Programming/Python/freqtrade/user_data/data/binance/futures/SNX_USDT_USDT-15m-futures.feather') exists=True
[DBG] read_feather OK SNX/USDT:USDT rows=118423 cols=['date', 'open', 'high', 'low', 'close', 'volume']
[DBG] _check_empty_df EMPTY SNX/USDT:USDT futures 15m
[DBG] _ohlcv_load pair='BAND/USDT:USDT' tf='15m' ct=<CandleType.FUTURES: 'futures'> datadir=WindowsPath('M:/Documents/Programming/Python/freqtrade/user_data/data/binance') -> filename=WindowsPath('M:/Documents/Programming/Python/freqtrade/user_data/data/binance/futures/BAND_USDT_USDT-15m-futures.feather') exists=True
[DBG] read_feather OK BAND/USDT:USDT rows=120332 cols=['date', 'open', 'high', 'low', 'close', 'volume']
[DBG] _check_empty_df EMPTY BAND/USDT:USDT futures 15m
[DBG] _ohlcv_load pair='BAT/USDT:USDT' tf='15m' ct=<CandleType.FUTURES: 'futures'> datadir=WindowsPath('M:/Documents/Programming/Python/freqtrade/user_data/data/binance') -> filename=WindowsPath('M:/Documents/Programming/Python/freqtrade/user_data/data/binance/futures/BAT_USDT_USDT-15m-futures.feather') exists=True
[DBG] read_feather OK BAT/USDT:USDT rows=135978 cols=['date', 'open', 'high', 'low', 'close', 'volume']
[DBG] _check_empty_df EMPTY BAT/USDT:USDT futures 15m
[DBG] _ohlcv_load pair='BCH/USDT:USDT' tf='15m' ct=<CandleType.FUTURES: 'futures'> datadir=WindowsPath('M:/Documents/Programming/Python/freqtrade/user_data/data/binance') -> filename=WindowsPath('M:/Documents/Programming/Python/freqtrade/user_data/data/binance/futures/BCH_USDT_USDT-15m-futures.feather') exists=True
[DBG] read_feather OK BCH/USDT:USDT rows=141339 cols=['date', 'open', 'high', 'low', 'close', 'volume']
[DBG] _check_empty_df EMPTY BCH/USDT:USDT futures 15m
[DBG] _ohlcv_load pair='IOTA/USDT:USDT' tf='15m' ct=<CandleType.FUTURES: 'futures'> datadir=WindowsPath('M:/Documents/Programming/Python/freqtrade/user_data/data/binance') -> filename=WindowsPath('M:/Documents/Programming/Python/freqtrade/user_data/data/binance/futures/IOTA_USDT_USDT-15m-futures.feather') exists=True
[DBG] read_feather OK IOTA/USDT:USDT rows=136088 cols=['date', 'open', 'high', 'low', 'close', 'volume']
[DBG] _check_empty_df EMPTY IOTA/USDT:USDT futures 15m
[DBG] _ohlcv_load pair='LINK/USDT:USDT' tf='15m' ct=<CandleType.FUTURES: 'futures'> datadir=WindowsPath('M:/Documents/Programming/Python/freqtrade/user_data/data/binance') -> filename=WindowsPath('M:/Documents/Programming/Python/freqtrade/user_data/data/binance/futures/LINK_USDT_USDT-15m-futures.feather') exists=True
[DBG] read_feather OK LINK/USDT:USDT rows=139043 cols=['date', 'open', 'high', 'low', 'close', 'volume']
[DBG] _check_empty_df EMPTY LINK/USDT:USDT futures 15m
[DBG] _ohlcv_load pair='XTZ/USDT:USDT' tf='15m' ct=<CandleType.FUTURES: 'futures'> datadir=WindowsPath('M:/Documents/Programming/Python/freqtrade/user_data/data/binance') -> filename=WindowsPath('M:/Documents/Programming/Python/freqtrade/user_data/data/binance/futures/XTZ_USDT_USDT-15m-futures.feather') exists=True
[DBG] read_feather OK XTZ/USDT:USDT rows=137027 cols=['date', 'open', 'high', 'low', 'close', 'volume']
[DBG] _check_empty_df EMPTY XTZ/USDT:USDT futures 15m
[DBG] _ohlcv_load pair='NEO/USDT:USDT' tf='15m' ct=<CandleType.FUTURES: 'futures'> datadir=WindowsPath('M:/Documents/Programming/Python/freqtrade/user_data/data/binance') -> filename=WindowsPath('M:/Documents/Programming/Python/freqtrade/user_data/data/binance/futures/NEO_USDT_USDT-15m-futures.feather') exists=True
[DBG] read_feather OK NEO/USDT:USDT rows=135587 cols=['date', 'open', 'high', 'low', 'close', 'volume']
[DBG] _check_empty_df EMPTY NEO/USDT:USDT futures 15m
