2026-09-04 19:05:47,012 - freqtrade - INFO - freqtrade 2025.4-dev-bb0639f9e
2026-09-04 19:05:50,668 - freqtrade.configuration.load_config - INFO - Using config: M:\Documents\Programming\Python\freqtrade\user_data\config_benchmark.json ...
2026-09-04 19:05:50,670 - freqtrade.loggers - INFO - Enabling colorized output.
2026-09-04 19:05:50,672 - root - INFO - Logfile configured
2026-09-04 19:05:50,673 - freqtrade.loggers - INFO - Verbosity set to 2
2026-09-04 19:05:50,674 - freqtrade.configuration.configuration - INFO - Using max_open_trades: 6 ...
2026-09-04 19:05:50,676 - freqtrade.configuration.configuration - INFO - Parameter --timerange detected: 20190908-20260830 ...
2026-09-04 19:05:50,677 - freqtrade.configuration.configuration - INFO - Using user-data directory: M:\Documents\Programming\Python\freqtrade\user_data ...
2026-09-04 19:05:50,679 - freqtrade.configuration.configuration - INFO - Using data directory: M:\Documents\Programming\Python\freqtrade\user_data\data\binance ...
2026-09-04 19:05:50,680 - freqtrade.configuration.configuration - INFO - Parameter --epochs detected ... Will run Hyperopt with for 100 epochs ...
2026-09-04 19:05:50,681 - freqtrade.configuration.configuration - INFO - Parameter -s/--spaces detected: ['buy', 'sell', 'roi', 'stoploss', 'trailing']
2026-09-04 19:05:50,682 - freqtrade.configuration.configuration - INFO - Parameter -j/--job-workers detected: -1
2026-09-04 19:05:50,683 - freqtrade.configuration.configuration - INFO - Parameter --min-trades detected: 1
2026-09-04 19:05:50,684 - freqtrade.configuration.configuration - INFO - Using Hyperopt loss class name: SharpeHyperOptLossDaily
2026-09-04 19:05:50,685 - freqtrade.configuration.configuration - INFO - Filter trades by timerange: 20190908-20260830
2026-09-04 19:05:50,687 - freqtrade.exchange.check_exchange - INFO - Checking exchange...
2026-09-04 19:05:50,693 - freqtrade.exchange.check_exchange - INFO - Exchange "binance" is officially supported by the Freqtrade development team.
2026-09-04 19:05:50,695 - freqtrade.configuration.configuration - INFO - Using pairlist from configuration.
2026-09-04 19:05:50,696 - freqtrade.configuration.config_validation - INFO - Validating configuration ...
2026-09-04 19:05:50,699 - freqtrade.commands.optimize_commands - INFO - Starting freqtrade in Walk-forward mode
2026-09-04 19:05:50,703 - freqtrade.exchange.exchange - INFO - Instance is running with dry_run enabled
2026-09-04 19:05:50,704 - freqtrade.exchange.exchange - INFO - Using CCXT 4.4.75
2026-09-04 19:05:50,705 - freqtrade.exchange.exchange - INFO - Applying additional ccxt config: {'options': {'defaultType': 'swap'}}
2026-09-04 19:05:50,712 - freqtrade.exchange.exchange - INFO - Applying additional ccxt config: {'options': {'defaultType': 'swap'}}
2026-09-04 19:05:50,719 - freqtrade.exchange.exchange - INFO - Using Exchange "Binance"
2026-09-04 19:05:50,720 - freqtrade.exchange.exchange - DEBUG - Performing scheduled market reload..
2026-09-04 19:05:52,751 - freqtrade.resolvers.exchange_resolver - INFO - Using resolved exchange 'Binance'...
2026-09-04 19:05:52,758 - freqtrade.resolvers.iresolver - DEBUG - Searching for IStrategy ScreenerDpoEveningStar in 'M:\Documents\Programming\Python\freqtrade\user_data\strategies\__pycache__'
2026-09-04 19:05:52,759 - freqtrade.resolvers.iresolver - DEBUG - Ignoring M:\Documents\Programming\Python\freqtrade\user_data\strategies\__pycache__\HarmonicDivergence.cpython-311.pyc
2026-09-04 19:05:52,760 - freqtrade.resolvers.iresolver - DEBUG - Ignoring M:\Documents\Programming\Python\freqtrade\user_data\strategies\__pycache__\HarmonicDivergenceRegime.cpython-311.pyc
2026-09-04 19:05:52,761 - freqtrade.resolvers.iresolver - DEBUG - Ignoring M:\Documents\Programming\Python\freqtrade\user_data\strategies\__pycache__\Ichi.cpython-311.pyc
2026-09-04 19:05:52,762 - freqtrade.resolvers.iresolver - DEBUG - Ignoring M:\Documents\Programming\Python\freqtrade\user_data\strategies\__pycache__\NFIX7Guarded.cpython-311.pyc
2026-09-04 19:05:52,763 - freqtrade.resolvers.iresolver - DEBUG - Ignoring M:\Documents\Programming\Python\freqtrade\user_data\strategies\__pycache__\NFIX7GuardedRel.cpython-311.pyc
2026-09-04 19:05:52,764 - freqtrade.resolvers.iresolver - DEBUG - Ignoring M:\Documents\Programming\Python\freqtrade\user_data\strategies\__pycache__\NFIX7GuardedRelative.cpython-311.pyc
2026-09-04 19:05:52,765 - freqtrade.resolvers.iresolver - DEBUG - Ignoring M:\Documents\Programming\Python\freqtrade\user_data\strategies\__pycache__\NFIX7GuardedSweep.cpython-311.pyc
2026-09-04 19:05:52,767 - freqtrade.resolvers.iresolver - DEBUG - Ignoring M:\Documents\Programming\Python\freqtrade\user_data\strategies\__pycache__\NostalgiaForInfinityX6.cpython-311.pyc
2026-09-04 19:05:52,768 - freqtrade.resolvers.iresolver - DEBUG - Ignoring M:\Documents\Programming\Python\freqtrade\user_data\strategies\__pycache__\NostalgiaForInfinityX7.cpython-311.pyc
2026-09-04 19:05:52,769 - freqtrade.resolvers.iresolver - DEBUG - Ignoring M:\Documents\Programming\Python\freqtrade\user_data\strategies\__pycache__\ScreenerDpoBbwpWick.cpython-311.pyc
2026-09-04 19:05:52,770 - freqtrade.resolvers.iresolver - DEBUG - Ignoring M:\Documents\Programming\Python\freqtrade\user_data\strategies\__pycache__\ScreenerDpoEveningStar.cpython-311.pyc
2026-09-04 19:05:52,771 - freqtrade.resolvers.iresolver - DEBUG - Ignoring M:\Documents\Programming\Python\freqtrade\user_data\strategies\__pycache__\ScreenerDpoShootingStar.cpython-311.pyc
2026-09-04 19:05:52,772 - freqtrade.resolvers.iresolver - DEBUG - Ignoring M:\Documents\Programming\Python\freqtrade\user_data\strategies\__pycache__\ScreenerRank1RocVixAdLondon.cpython-311.pyc
2026-09-04 19:05:52,773 - freqtrade.resolvers.iresolver - DEBUG - Ignoring M:\Documents\Programming\Python\freqtrade\user_data\strategies\__pycache__\ScreenerRank4RsiChopPvtNy.cpython-311.pyc
2026-09-04 19:05:52,774 - freqtrade.resolvers.iresolver - DEBUG - Searching for IStrategy ScreenerDpoEveningStar in 'M:\Documents\Programming\Python\freqtrade\user_data\strategies\trend\__pycache__'
2026-09-04 19:05:52,775 - freqtrade.resolvers.iresolver - DEBUG - Ignoring M:\Documents\Programming\Python\freqtrade\user_data\strategies\trend\__pycache__\OctopusNestStrategy.cpython-310.pyc
2026-09-04 19:05:52,776 - freqtrade.resolvers.iresolver - DEBUG - Ignoring M:\Documents\Programming\Python\freqtrade\user_data\strategies\trend\__pycache__\OctopusNestStrategy.cpython-311.pyc
2026-09-04 19:05:52,777 - freqtrade.resolvers.iresolver - DEBUG - Ignoring 
M:\Documents\Programming\Python\freqtrade\user_data\strategies\trend\__pycache__\SuperKeltnerConvergenceStrategy.cpython-310.pyc
2026-09-04 19:05:52,778 - freqtrade.resolvers.iresolver - DEBUG - Ignoring 
M:\Documents\Programming\Python\freqtrade\user_data\strategies\trend\__pycache__\SuperKeltnerConvergenceStrategy.cpython-311.pyc
2026-09-04 19:05:52,780 - freqtrade.resolvers.iresolver - DEBUG - Ignoring M:\Documents\Programming\Python\freqtrade\user_data\strategies\trend\__pycache__\SuperKeltnerStrategy.cpython-310.pyc
2026-09-04 19:05:52,781 - freqtrade.resolvers.iresolver - DEBUG - Ignoring M:\Documents\Programming\Python\freqtrade\user_data\strategies\trend\__pycache__\SuperKeltnerStrategy.cpython-311.pyc
2026-09-04 19:05:52,782 - freqtrade.resolvers.iresolver - DEBUG - Ignoring M:\Documents\Programming\Python\freqtrade\user_data\strategies\trend\__pycache__\SupertrendKeltner.cpython-310.pyc
2026-09-04 19:05:52,783 - freqtrade.resolvers.iresolver - DEBUG - Ignoring M:\Documents\Programming\Python\freqtrade\user_data\strategies\trend\__pycache__\SupertrendKeltner.cpython-311.pyc
2026-09-04 19:05:52,784 - freqtrade.resolvers.iresolver - DEBUG - Ignoring M:\Documents\Programming\Python\freqtrade\user_data\strategies\trend\__pycache__\TrendOMaticNadarayaBaseline.cpython-311.pyc
2026-09-04 19:05:52,785 - freqtrade.resolvers.iresolver - DEBUG - Ignoring M:\Documents\Programming\Python\freqtrade\user_data\strategies\trend\__pycache__\TrendOMaticStrategy.cpython-310.pyc
2026-09-04 19:05:52,787 - freqtrade.resolvers.iresolver - DEBUG - Ignoring M:\Documents\Programming\Python\freqtrade\user_data\strategies\trend\__pycache__\TrendOMaticStrategy.cpython-311.pyc
2026-09-04 19:05:52,787 - freqtrade.resolvers.iresolver - DEBUG - Ignoring M:\Documents\Programming\Python\freqtrade\user_data\strategies\trend\__pycache__\TrendOMaticSweep.cpython-311.pyc
2026-09-04 19:05:52,788 - freqtrade.resolvers.iresolver - DEBUG - Searching for IStrategy ScreenerDpoEveningStar in 'M:\Documents\Programming\Python\freqtrade\user_data\strategies\trend'
2026-09-04 19:05:52,790 - freqtrade.resolvers.iresolver - DEBUG - Ignoring M:\Documents\Programming\Python\freqtrade\user_data\strategies\trend\OctopusNestStrategy.backup.json
2026-09-04 19:05:52,790 - freqtrade.resolvers.iresolver - DEBUG - Ignoring M:\Documents\Programming\Python\freqtrade\user_data\strategies\trend\OctopusNestStrategy.json
2026-09-04 19:05:52,958 - freqtrade.resolvers.iresolver - DEBUG - Ignoring M:\Documents\Programming\Python\freqtrade\user_data\strategies\trend\__pycache__
2026-09-04 19:05:52,960 - freqtrade.resolvers.iresolver - DEBUG - Searching for IStrategy ScreenerDpoEveningStar in 'M:\Documents\Programming\Python\freqtrade\user_data\strategies\regime\__pycache__'
2026-09-04 19:05:52,961 - freqtrade.resolvers.iresolver - DEBUG - Ignoring M:\Documents\Programming\Python\freqtrade\user_data\strategies\regime\__pycache__\HybridRegimeSwitcher.cpython-310.pyc
2026-09-04 19:05:52,962 - freqtrade.resolvers.iresolver - DEBUG - Ignoring M:\Documents\Programming\Python\freqtrade\user_data\strategies\regime\__pycache__\HybridRegimeSwitcher.cpython-311.pyc
2026-09-04 19:05:52,963 - freqtrade.resolvers.iresolver - DEBUG - Ignoring M:\Documents\Programming\Python\freqtrade\user_data\strategies\regime\__pycache__\LuxAlgo15mBTCLowRisk.cpython-310.pyc
2026-09-04 19:05:52,965 - freqtrade.resolvers.iresolver - DEBUG - Ignoring M:\Documents\Programming\Python\freqtrade\user_data\strategies\regime\__pycache__\LuxAlgo15mBTCLowRisk.cpython-311.pyc
2026-09-04 19:05:52,966 - freqtrade.resolvers.iresolver - DEBUG - Searching for IStrategy ScreenerDpoEveningStar in 'M:\Documents\Programming\Python\freqtrade\user_data\strategies\regime'
2026-09-04 19:05:52,968 - freqtrade.resolvers.iresolver - DEBUG - Ignoring M:\Documents\Programming\Python\freqtrade\user_data\strategies\regime\__pycache__
2026-09-04 19:05:52,969 - freqtrade.resolvers.iresolver - DEBUG - Searching for IStrategy ScreenerDpoEveningStar in 'M:\Documents\Programming\Python\freqtrade\user_data\strategies\pattern'
2026-09-04 19:05:52,971 - freqtrade.resolvers.iresolver - DEBUG - Ignoring M:\Documents\Programming\Python\freqtrade\user_data\strategies\pattern\.gitkeep
2026-09-04 19:05:52,972 - freqtrade.resolvers.iresolver - DEBUG - Ignoring M:\Documents\Programming\Python\freqtrade\user_data\strategies\pattern\README.md
2026-09-04 19:05:52,973 - freqtrade.resolvers.iresolver - DEBUG - Searching for IStrategy ScreenerDpoEveningStar in 'M:\Documents\Programming\Python\freqtrade\user_data\strategies\ml'
2026-09-04 19:05:52,974 - freqtrade.resolvers.iresolver - DEBUG - Ignoring M:\Documents\Programming\Python\freqtrade\user_data\strategies\ml\.gitkeep
2026-09-04 19:05:52,975 - freqtrade.resolvers.iresolver - DEBUG - Ignoring M:\Documents\Programming\Python\freqtrade\user_data\strategies\ml\README.md
2026-09-04 19:05:52,976 - freqtrade.resolvers.iresolver - DEBUG - Searching for IStrategy ScreenerDpoEveningStar in 'M:\Documents\Programming\Python\freqtrade\user_data\strategies\gkd\__pycache__'
2026-09-04 19:05:52,977 - freqtrade.resolvers.iresolver - DEBUG - Ignoring M:\Documents\Programming\Python\freqtrade\user_data\strategies\gkd\__pycache__\GkdAdaptive.cpython-310.pyc
2026-09-04 19:05:52,978 - freqtrade.resolvers.iresolver - DEBUG - Ignoring M:\Documents\Programming\Python\freqtrade\user_data\strategies\gkd\__pycache__\GkdAdaptive.cpython-311.pyc
2026-09-04 19:05:52,979 - freqtrade.resolvers.iresolver - DEBUG - Ignoring M:\Documents\Programming\Python\freqtrade\user_data\strategies\gkd\__pycache__\strategy_gkd_academic_final.cpython-310.pyc
2026-09-04 19:05:52,980 - freqtrade.resolvers.iresolver - DEBUG - Ignoring M:\Documents\Programming\Python\freqtrade\user_data\strategies\gkd\__pycache__\strategy_gkd_academic_final.cpython-311.pyc
2026-09-04 19:05:52,981 - freqtrade.resolvers.iresolver - DEBUG - Searching for IStrategy ScreenerDpoEveningStar in 'M:\Documents\Programming\Python\freqtrade\user_data\strategies\gkd'
2026-09-04 19:05:52,983 - freqtrade.resolvers.iresolver - DEBUG - Ignoring M:\Documents\Programming\Python\freqtrade\user_data\strategies\gkd\regime_map_academic.json
2026-09-04 19:05:52,986 - freqtrade.resolvers.iresolver - DEBUG - Ignoring M:\Documents\Programming\Python\freqtrade\user_data\strategies\gkd\__pycache__
2026-09-04 19:05:52,987 - freqtrade.resolvers.iresolver - DEBUG - Searching for IStrategy ScreenerDpoEveningStar in 'M:\Documents\Programming\Python\freqtrade\user_data\strategies\dip\__pycache__'
2026-09-04 19:05:52,988 - freqtrade.resolvers.iresolver - DEBUG - Ignoring M:\Documents\Programming\Python\freqtrade\user_data\strategies\dip\__pycache__\adaptive.cpython-310.pyc
2026-09-04 19:05:52,989 - freqtrade.resolvers.iresolver - DEBUG - Ignoring M:\Documents\Programming\Python\freqtrade\user_data\strategies\dip\__pycache__\adaptive.cpython-311.pyc
2026-09-04 19:05:52,991 - freqtrade.resolvers.iresolver - DEBUG - Ignoring M:\Documents\Programming\Python\freqtrade\user_data\strategies\dip\__pycache__\MfiEmaWaveTrend.cpython-310.pyc
2026-09-04 19:05:52,992 - freqtrade.resolvers.iresolver - DEBUG - Ignoring M:\Documents\Programming\Python\freqtrade\user_data\strategies\dip\__pycache__\MfiEmaWaveTrend.cpython-311.pyc
2026-09-04 19:05:52,993 - freqtrade.resolvers.iresolver - DEBUG - Ignoring M:\Documents\Programming\Python\freqtrade\user_data\strategies\dip\__pycache__\MfiEmaWaveTrend2.cpython-310.pyc
2026-09-04 19:05:52,995 - freqtrade.resolvers.iresolver - DEBUG - Ignoring M:\Documents\Programming\Python\freqtrade\user_data\strategies\dip\__pycache__\MfiEmaWaveTrend2.cpython-311.pyc
2026-09-04 19:05:52,996 - freqtrade.resolvers.iresolver - DEBUG - Ignoring M:\Documents\Programming\Python\freqtrade\user_data\strategies\dip\__pycache__\NadarayaWatson.cpython-310.pyc
2026-09-04 19:05:52,997 - freqtrade.resolvers.iresolver - DEBUG - Ignoring M:\Documents\Programming\Python\freqtrade\user_data\strategies\dip\__pycache__\NadarayaWatson.cpython-311.pyc
2026-09-04 19:05:52,999 - freqtrade.resolvers.iresolver - DEBUG - Ignoring M:\Documents\Programming\Python\freqtrade\user_data\strategies\dip\__pycache__\VixFixBb.cpython-310.pyc
2026-09-04 19:05:53,000 - freqtrade.resolvers.iresolver - DEBUG - Ignoring M:\Documents\Programming\Python\freqtrade\user_data\strategies\dip\__pycache__\VixFixBb.cpython-311.pyc
2026-09-04 19:05:53,001 - freqtrade.resolvers.iresolver - DEBUG - Ignoring M:\Documents\Programming\Python\freqtrade\user_data\strategies\dip\__pycache__\VixFixMultiLab.cpython-310.pyc
2026-09-04 19:05:53,002 - freqtrade.resolvers.iresolver - DEBUG - Ignoring M:\Documents\Programming\Python\freqtrade\user_data\strategies\dip\__pycache__\VixFixMultiLab.cpython-311.pyc
2026-09-04 19:05:53,003 - freqtrade.resolvers.iresolver - DEBUG - Ignoring M:\Documents\Programming\Python\freqtrade\user_data\strategies\dip\__pycache__\WildersVolatility.cpython-310.pyc
2026-09-04 19:05:53,004 - freqtrade.resolvers.iresolver - DEBUG - Ignoring M:\Documents\Programming\Python\freqtrade\user_data\strategies\dip\__pycache__\WildersVolatility.cpython-311.pyc
2026-09-04 19:05:53,005 - freqtrade.resolvers.iresolver - DEBUG - Ignoring M:\Documents\Programming\Python\freqtrade\user_data\strategies\dip\__pycache__\WildersVolatilityBingAi.cpython-310.pyc
2026-09-04 19:05:53,006 - freqtrade.resolvers.iresolver - DEBUG - Ignoring M:\Documents\Programming\Python\freqtrade\user_data\strategies\dip\__pycache__\WildersVolatilityBingAi.cpython-311.pyc
2026-09-04 19:05:53,007 - freqtrade.resolvers.iresolver - DEBUG - Searching for IStrategy ScreenerDpoEveningStar in 'M:\Documents\Programming\Python\freqtrade\user_data\strategies\dip'
2026-09-04 19:05:53,021 - freqtrade.resolvers.iresolver - DEBUG - Ignoring M:\Documents\Programming\Python\freqtrade\user_data\strategies\dip\MfiEmaWaveTrend2.json
2026-09-04 19:05:53,024 - freqtrade.resolvers.iresolver - DEBUG - Ignoring M:\Documents\Programming\Python\freqtrade\user_data\strategies\dip\NadarayaWatson.json
2026-09-04 19:05:53,035 - freqtrade.resolvers.iresolver - DEBUG - Ignoring M:\Documents\Programming\Python\freqtrade\user_data\strategies\dip\__pycache__
2026-09-04 19:05:53,037 - freqtrade.resolvers.iresolver - DEBUG - Searching for IStrategy ScreenerDpoEveningStar in 'M:\Documents\Programming\Python\freqtrade\user_data\strategies\demo\__pycache__'
2026-09-04 19:05:53,038 - freqtrade.resolvers.iresolver - DEBUG - Ignoring M:\Documents\Programming\Python\freqtrade\user_data\strategies\demo\__pycache__\ExampleComponentStrategy.cpython-310.pyc
2026-09-04 19:05:53,039 - freqtrade.resolvers.iresolver - DEBUG - Ignoring M:\Documents\Programming\Python\freqtrade\user_data\strategies\demo\__pycache__\ExampleComponentStrategy.cpython-311.pyc
2026-09-04 19:05:53,040 - freqtrade.resolvers.iresolver - DEBUG - Ignoring M:\Documents\Programming\Python\freqtrade\user_data\strategies\demo\__pycache__\StrategyTemplateV21.cpython-310.pyc
2026-09-04 19:05:53,041 - freqtrade.resolvers.iresolver - DEBUG - Ignoring M:\Documents\Programming\Python\freqtrade\user_data\strategies\demo\__pycache__\StrategyTemplateV21.cpython-311.pyc
2026-09-04 19:05:53,042 - freqtrade.resolvers.iresolver - DEBUG - Searching for IStrategy ScreenerDpoEveningStar in 'M:\Documents\Programming\Python\freqtrade\user_data\strategies\demo'
2026-09-04 19:05:53,046 - freqtrade.resolvers.iresolver - DEBUG - Ignoring M:\Documents\Programming\Python\freqtrade\user_data\strategies\demo\__pycache__
2026-09-04 19:05:53,047 - freqtrade.resolvers.iresolver - DEBUG - Searching for IStrategy ScreenerDpoEveningStar in 'M:\Documents\Programming\Python\freqtrade\user_data\strategies\debug\__pycache__'
2026-09-04 19:05:53,048 - freqtrade.resolvers.iresolver - DEBUG - Searching for IStrategy ScreenerDpoEveningStar in 'M:\Documents\Programming\Python\freqtrade\user_data\strategies\debug'
2026-09-04 19:05:53,049 - freqtrade.resolvers.iresolver - DEBUG - Ignoring M:\Documents\Programming\Python\freqtrade\user_data\strategies\debug\__pycache__
2026-09-04 19:05:53,050 - freqtrade.resolvers.iresolver - DEBUG - Searching for IStrategy ScreenerDpoEveningStar in 
'M:\Documents\Programming\Python\freqtrade\user_data\strategies\components\__pycache__'
2026-09-04 19:05:53,051 - freqtrade.resolvers.iresolver - DEBUG - Ignoring M:\Documents\Programming\Python\freqtrade\user_data\strategies\components\__pycache__\ehlers.cpython-310.pyc
2026-09-04 19:05:53,053 - freqtrade.resolvers.iresolver - DEBUG - Ignoring M:\Documents\Programming\Python\freqtrade\user_data\strategies\components\__pycache__\ehlers.cpython-311.pyc
2026-09-04 19:05:53,054 - freqtrade.resolvers.iresolver - DEBUG - Ignoring M:\Documents\Programming\Python\freqtrade\user_data\strategies\components\__pycache__\exit_levels.cpython-310.pyc
2026-09-04 19:05:53,055 - freqtrade.resolvers.iresolver - DEBUG - Ignoring M:\Documents\Programming\Python\freqtrade\user_data\strategies\components\__pycache__\exit_levels.cpython-311.pyc
2026-09-04 19:05:53,056 - freqtrade.resolvers.iresolver - DEBUG - Ignoring M:\Documents\Programming\Python\freqtrade\user_data\strategies\components\__pycache__\filters.cpython-310.pyc
2026-09-04 19:05:53,057 - freqtrade.resolvers.iresolver - DEBUG - Ignoring M:\Documents\Programming\Python\freqtrade\user_data\strategies\components\__pycache__\filters.cpython-311.pyc
2026-09-04 19:05:53,058 - freqtrade.resolvers.iresolver - DEBUG - Ignoring M:\Documents\Programming\Python\freqtrade\user_data\strategies\components\__pycache__\indicators.cpython-310.pyc
2026-09-04 19:05:53,059 - freqtrade.resolvers.iresolver - DEBUG - Ignoring M:\Documents\Programming\Python\freqtrade\user_data\strategies\components\__pycache__\indicators.cpython-311.pyc
2026-09-04 19:05:53,060 - freqtrade.resolvers.iresolver - DEBUG - Ignoring M:\Documents\Programming\Python\freqtrade\user_data\strategies\components\__pycache__\indicators_combo_engine.cpython-311.pyc
2026-09-04 19:05:53,061 - freqtrade.resolvers.iresolver - DEBUG - Ignoring M:\Documents\Programming\Python\freqtrade\user_data\strategies\components\__pycache__\indicators_pandas_ta.cpython-310.pyc
2026-09-04 19:05:53,062 - freqtrade.resolvers.iresolver - DEBUG - Ignoring M:\Documents\Programming\Python\freqtrade\user_data\strategies\components\__pycache__\indicators_pandas_ta.cpython-311.pyc
2026-09-04 19:05:53,063 - freqtrade.resolvers.iresolver - DEBUG - Ignoring M:\Documents\Programming\Python\freqtrade\user_data\strategies\components\__pycache__\loss_streak_lock.cpython-310.pyc
2026-09-04 19:05:53,064 - freqtrade.resolvers.iresolver - DEBUG - Ignoring M:\Documents\Programming\Python\freqtrade\user_data\strategies\components\__pycache__\loss_streak_lock.cpython-311.pyc
2026-09-04 19:05:53,066 - freqtrade.resolvers.iresolver - DEBUG - Ignoring M:\Documents\Programming\Python\freqtrade\user_data\strategies\components\__pycache__\risk.cpython-310.pyc
2026-09-04 19:05:53,066 - freqtrade.resolvers.iresolver - DEBUG - Ignoring M:\Documents\Programming\Python\freqtrade\user_data\strategies\components\__pycache__\risk.cpython-311.pyc
2026-09-04 19:05:53,068 - freqtrade.resolvers.iresolver - DEBUG - Ignoring M:\Documents\Programming\Python\freqtrade\user_data\strategies\components\__pycache__\signals.cpython-310.pyc
2026-09-04 19:05:53,069 - freqtrade.resolvers.iresolver - DEBUG - Ignoring M:\Documents\Programming\Python\freqtrade\user_data\strategies\components\__pycache__\signals.cpython-311.pyc
2026-09-04 19:05:53,070 - freqtrade.resolvers.iresolver - DEBUG - Ignoring M:\Documents\Programming\Python\freqtrade\user_data\strategies\components\__pycache__\strategy_base.cpython-310.pyc
2026-09-04 19:05:53,071 - freqtrade.resolvers.iresolver - DEBUG - Ignoring M:\Documents\Programming\Python\freqtrade\user_data\strategies\components\__pycache__\strategy_base.cpython-311.pyc
2026-09-04 19:05:53,072 - freqtrade.resolvers.iresolver - DEBUG - Ignoring M:\Documents\Programming\Python\freqtrade\user_data\strategies\components\__pycache__\_recursive_check.cpython-311.pyc
2026-09-04 19:05:53,073 - freqtrade.resolvers.iresolver - DEBUG - Ignoring M:\Documents\Programming\Python\freqtrade\user_data\strategies\components\__pycache__\_repaint_check.cpython-311.pyc
2026-09-04 19:05:53,074 - freqtrade.resolvers.iresolver - DEBUG - Ignoring M:\Documents\Programming\Python\freqtrade\user_data\strategies\components\__pycache__\_repaint_check_core.cpython-311.pyc
2026-09-04 19:05:53,075 - freqtrade.resolvers.iresolver - DEBUG - Ignoring M:\Documents\Programming\Python\freqtrade\user_data\strategies\components\__pycache__\__init__.cpython-310.pyc
2026-09-04 19:05:53,076 - freqtrade.resolvers.iresolver - DEBUG - Ignoring M:\Documents\Programming\Python\freqtrade\user_data\strategies\components\__pycache__\__init__.cpython-311.pyc
2026-09-04 19:05:53,077 - freqtrade.resolvers.iresolver - DEBUG - Searching for IStrategy ScreenerDpoEveningStar in 'M:\Documents\Programming\Python\freqtrade\user_data\strategies\components'
2026-09-04 19:05:53,090 - freqtrade.resolvers.iresolver - DEBUG - Ignoring M:\Documents\Programming\Python\freqtrade\user_data\strategies\components\README.md
2026-09-04 19:05:53,091 - freqtrade.resolvers.iresolver - DEBUG - Ignoring M:\Documents\Programming\Python\freqtrade\user_data\strategies\components\REPAINT_AUDIT_REPORT.md
2026-09-04 19:05:53,100 - freqtrade.resolvers.iresolver - WARNING - Could not import M:\Documents\Programming\Python\freqtrade\user_data\strategies\components\_repaint_check_core.py due to 'attempted 
relative import with no known parent package'
2026-09-04 19:05:53,103 - freqtrade.resolvers.iresolver - DEBUG - Ignoring M:\Documents\Programming\Python\freqtrade\user_data\strategies\components\__pycache__
2026-09-04 19:05:53,104 - freqtrade.resolvers.iresolver - DEBUG - Searching for IStrategy ScreenerDpoEveningStar in 'M:\Documents\Programming\Python\freqtrade\user_data\strategies\cluc\__pycache__'
2026-09-04 19:05:53,106 - freqtrade.resolvers.iresolver - DEBUG - Ignoring M:\Documents\Programming\Python\freqtrade\user_data\strategies\cluc\__pycache__\ClucHAnix_5m.cpython-310.pyc
2026-09-04 19:05:53,107 - freqtrade.resolvers.iresolver - DEBUG - Ignoring M:\Documents\Programming\Python\freqtrade\user_data\strategies\cluc\__pycache__\ClucHAnix_5m.cpython-311.pyc
2026-09-04 19:05:53,108 - freqtrade.resolvers.iresolver - DEBUG - Ignoring M:\Documents\Programming\Python\freqtrade\user_data\strategies\cluc\__pycache__\CombinedBinHClucAndMADV3.cpython-310.pyc
2026-09-04 19:05:53,109 - freqtrade.resolvers.iresolver - DEBUG - Ignoring M:\Documents\Programming\Python\freqtrade\user_data\strategies\cluc\__pycache__\CombinedBinHClucAndMADV3.cpython-311.pyc
2026-09-04 19:05:53,111 - freqtrade.resolvers.iresolver - DEBUG - Searching for IStrategy ScreenerDpoEveningStar in 'M:\Documents\Programming\Python\freqtrade\user_data\strategies\cluc'
2026-09-04 19:05:53,114 - freqtrade.resolvers.iresolver - DEBUG - Ignoring M:\Documents\Programming\Python\freqtrade\user_data\strategies\cluc\__pycache__
2026-09-04 19:05:53,115 - freqtrade.resolvers.iresolver - DEBUG - Searching for IStrategy ScreenerDpoEveningStar in 'M:\Documents\Programming\Python\freqtrade\user_data\strategies\bigz\__pycache__'
2026-09-04 19:05:53,116 - freqtrade.resolvers.iresolver - DEBUG - Ignoring M:\Documents\Programming\Python\freqtrade\user_data\strategies\bigz\__pycache__\BigZ06AtrSl.cpython-310.pyc
2026-09-04 19:05:53,117 - freqtrade.resolvers.iresolver - DEBUG - Ignoring M:\Documents\Programming\Python\freqtrade\user_data\strategies\bigz\__pycache__\BigZ06AtrSl.cpython-311.pyc
2026-09-04 19:05:53,119 - freqtrade.resolvers.iresolver - DEBUG - Ignoring M:\Documents\Programming\Python\freqtrade\user_data\strategies\bigz\__pycache__\BigZ06Original.cpython-310.pyc
2026-09-04 19:05:53,120 - freqtrade.resolvers.iresolver - DEBUG - Ignoring M:\Documents\Programming\Python\freqtrade\user_data\strategies\bigz\__pycache__\BigZ06Original.cpython-311.pyc
2026-09-04 19:05:53,121 - freqtrade.resolvers.iresolver - DEBUG - Ignoring M:\Documents\Programming\Python\freqtrade\user_data\strategies\bigz\__pycache__\BigZ07Next2.cpython-310.pyc
2026-09-04 19:05:53,122 - freqtrade.resolvers.iresolver - DEBUG - Ignoring M:\Documents\Programming\Python\freqtrade\user_data\strategies\bigz\__pycache__\BigZ07Next2.cpython-311.pyc
2026-09-04 19:05:53,123 - freqtrade.resolvers.iresolver - DEBUG - Ignoring M:\Documents\Programming\Python\freqtrade\user_data\strategies\bigz\__pycache__\BigZ08.cpython-310.pyc
2026-09-04 19:05:53,124 - freqtrade.resolvers.iresolver - DEBUG - Ignoring M:\Documents\Programming\Python\freqtrade\user_data\strategies\bigz\__pycache__\BigZ08.cpython-311.pyc
2026-09-04 19:05:53,125 - freqtrade.resolvers.iresolver - DEBUG - Ignoring M:\Documents\Programming\Python\freqtrade\user_data\strategies\bigz\__pycache__\_bigz_shared.cpython-310.pyc
2026-09-04 19:05:53,126 - freqtrade.resolvers.iresolver - DEBUG - Ignoring M:\Documents\Programming\Python\freqtrade\user_data\strategies\bigz\__pycache__\_bigz_shared.cpython-311.pyc
2026-09-04 19:05:53,128 - freqtrade.resolvers.iresolver - DEBUG - Searching for IStrategy ScreenerDpoEveningStar in 'M:\Documents\Programming\Python\freqtrade\user_data\strategies\bigz'
2026-09-04 19:05:53,134 - freqtrade.resolvers.iresolver - DEBUG - Ignoring M:\Documents\Programming\Python\freqtrade\user_data\strategies\bigz\BigZ08.json
2026-09-04 19:05:53,137 - freqtrade.resolvers.iresolver - DEBUG - Ignoring M:\Documents\Programming\Python\freqtrade\user_data\strategies\bigz\__pycache__
2026-09-04 19:05:53,138 - freqtrade.resolvers.iresolver - DEBUG - Searching for IStrategy ScreenerDpoEveningStar in 'M:\Documents\Programming\Python\freqtrade\user_data\strategies\bad\__pycache__'
2026-09-04 19:05:53,140 - freqtrade.resolvers.iresolver - DEBUG - Ignoring M:\Documents\Programming\Python\freqtrade\user_data\strategies\bad\__pycache__\BBModCEV1.cpython-310.pyc
2026-09-04 19:05:53,141 - freqtrade.resolvers.iresolver - DEBUG - Ignoring M:\Documents\Programming\Python\freqtrade\user_data\strategies\bad\__pycache__\BBModCEV1.cpython-311.pyc
2026-09-04 19:05:53,142 - freqtrade.resolvers.iresolver - DEBUG - Ignoring M:\Documents\Programming\Python\freqtrade\user_data\strategies\bad\__pycache__\BB_RPB_TSLmeneguzzo.cpython-310.pyc
2026-09-04 19:05:53,143 - freqtrade.resolvers.iresolver - DEBUG - Ignoring M:\Documents\Programming\Python\freqtrade\user_data\strategies\bad\__pycache__\BB_RPB_TSLmeneguzzo.cpython-311.pyc
2026-09-04 19:05:53,143 - freqtrade.resolvers.iresolver - DEBUG - Ignoring M:\Documents\Programming\Python\freqtrade\user_data\strategies\bad\__pycache__\BB_RTR.cpython-310.pyc
2026-09-04 19:05:53,145 - freqtrade.resolvers.iresolver - DEBUG - Ignoring M:\Documents\Programming\Python\freqtrade\user_data\strategies\bad\__pycache__\BB_RTR.cpython-311.pyc
2026-09-04 19:05:53,146 - freqtrade.resolvers.iresolver - DEBUG - Ignoring M:\Documents\Programming\Python\freqtrade\user_data\strategies\bad\__pycache__\ichiV1.cpython-310.pyc
2026-09-04 19:05:53,147 - freqtrade.resolvers.iresolver - DEBUG - Ignoring M:\Documents\Programming\Python\freqtrade\user_data\strategies\bad\__pycache__\ichiV1.cpython-311.pyc
2026-09-04 19:05:53,148 - freqtrade.resolvers.iresolver - DEBUG - Ignoring M:\Documents\Programming\Python\freqtrade\user_data\strategies\bad\__pycache__\newstrategy53.cpython-310.pyc
2026-09-04 19:05:53,149 - freqtrade.resolvers.iresolver - DEBUG - Ignoring M:\Documents\Programming\Python\freqtrade\user_data\strategies\bad\__pycache__\newstrategy53.cpython-311.pyc
2026-09-04 19:05:53,150 - freqtrade.resolvers.iresolver - DEBUG - Ignoring M:\Documents\Programming\Python\freqtrade\user_data\strategies\bad\__pycache__\turbov8.cpython-310.pyc
2026-09-04 19:05:53,151 - freqtrade.resolvers.iresolver - DEBUG - Ignoring M:\Documents\Programming\Python\freqtrade\user_data\strategies\bad\__pycache__\turbov8.cpython-311.pyc
2026-09-04 19:05:53,152 - freqtrade.resolvers.iresolver - DEBUG - Ignoring M:\Documents\Programming\Python\freqtrade\user_data\strategies\bad\__pycache__\WildersVolatilityBingAi.cpython-310.pyc
2026-09-04 19:05:53,153 - freqtrade.resolvers.iresolver - DEBUG - Ignoring M:\Documents\Programming\Python\freqtrade\user_data\strategies\bad\__pycache__\WildersVolatilityBingAi.cpython-311.pyc
2026-09-04 19:05:53,155 - freqtrade.resolvers.iresolver - DEBUG - Searching for IStrategy ScreenerDpoEveningStar in 'M:\Documents\Programming\Python\freqtrade\user_data\strategies\bad'
2026-09-04 19:05:53,161 - freqtrade.resolvers.iresolver - DEBUG - Ignoring M:\Documents\Programming\Python\freqtrade\user_data\strategies\bad\__pycache__
2026-09-04 19:05:53,162 - freqtrade.resolvers.iresolver - DEBUG - Searching for IStrategy ScreenerDpoEveningStar in 'M:\Documents\Programming\Python\freqtrade\user_data\strategies'
2026-09-04 19:05:53,163 - freqtrade.resolvers.iresolver - DEBUG - Ignoring M:\Documents\Programming\Python\freqtrade\user_data\strategies\bad
2026-09-04 19:05:53,165 - freqtrade.resolvers.iresolver - DEBUG - Ignoring M:\Documents\Programming\Python\freqtrade\user_data\strategies\bigz
2026-09-04 19:05:53,166 - freqtrade.resolvers.iresolver - DEBUG - Ignoring M:\Documents\Programming\Python\freqtrade\user_data\strategies\cluc
2026-09-04 19:05:53,167 - freqtrade.resolvers.iresolver - DEBUG - Ignoring M:\Documents\Programming\Python\freqtrade\user_data\strategies\commands.txt
2026-09-04 19:05:53,168 - freqtrade.resolvers.iresolver - DEBUG - Ignoring M:\Documents\Programming\Python\freqtrade\user_data\strategies\components
2026-09-04 19:05:53,169 - freqtrade.resolvers.iresolver - DEBUG - Ignoring M:\Documents\Programming\Python\freqtrade\user_data\strategies\debug
2026-09-04 19:05:53,170 - freqtrade.resolvers.iresolver - DEBUG - Ignoring M:\Documents\Programming\Python\freqtrade\user_data\strategies\demo
2026-09-04 19:05:53,171 - freqtrade.resolvers.iresolver - DEBUG - Ignoring M:\Documents\Programming\Python\freqtrade\user_data\strategies\dip
2026-09-04 19:05:53,173 - freqtrade.resolvers.iresolver - DEBUG - Ignoring M:\Documents\Programming\Python\freqtrade\user_data\strategies\gkd
[DBG] _ohlcv_load pair='DOGE/USDT:USDT' tf='15m' ct=<CandleType.FUTURES: 'futures'> datadir=WindowsPath('M:/Documents/Programming/Python/freqtrade/user_data/data/binance') -> filename=WindowsPath('M:/Documents/Programming/Python/freqtrade/user_data/data/binance/futures/DOGE_USDT_USDT-15m-futures.feather') exists=True
[DBG] _ohlcv_load pair='XRP/USDT:USDT' tf='15m' ct=<CandleType.FUTURES: 'futures'> datadir=WindowsPath('M:/Documents/Programming/Python/freqtrade/user_data/data/binance') -> filename=WindowsPath('M:/Documents/Programming/Python/freqtrade/user_data/data/binance/futures/XRP_USDT_USDT-15m-futures.feather') exists=True
[DBG] _ohlcv_load pair='ENJ/USDT:USDT' tf='15m' ct=<CandleType.FUTURES: 'futures'> datadir=WindowsPath('M:/Documents/Programming/Python/freqtrade/user_data/data/binance') -> filename=WindowsPath('M:/Documents/Programming/Python/freqtrade/user_data/data/binance/futures/ENJ_USDT_USDT-15m-futures.feather') exists=True
[DBG] _ohlcv_load pair='DOT/USDT:USDT' tf='15m' ct=<CandleType.FUTURES: 'futures'> datadir=WindowsPath('M:/Documents/Programming/Python/freqtrade/user_data/data/binance') -> filename=WindowsPath('M:/Documents/Programming/Python/freqtrade/user_data/data/binance/futures/DOT_USDT_USDT-15m-futures.feather') exists=True
[DBG] _ohlcv_load pair='CRV/USDT:USDT' tf='15m' ct=<CandleType.FUTURES: 'futures'> datadir=WindowsPath('M:/Documents/Programming/Python/freqtrade/user_data/data/binance') -> filename=WindowsPath('M:/Documents/Programming/Python/freqtrade/user_data/data/binance/futures/CRV_USDT_USDT-15m-futures.feather') exists=True
[DBG] _ohlcv_load pair='MANA/USDT:USDT' tf='15m' ct=<CandleType.FUTURES: 'futures'> datadir=WindowsPath('M:/Documents/Programming/Python/freqtrade/user_data/data/binance') -> filename=WindowsPath('M:/Documents/Programming/Python/freqtrade/user_data/data/binance/futures/MANA_USDT_USDT-15m-futures.feather') exists=True
[DBG] _ohlcv_load pair='SAND/USDT:USDT' tf='15m' ct=<CandleType.FUTURES: 'futures'> datadir=WindowsPath('M:/Documents/Programming/Python/freqtrade/user_data/data/binance') -> filename=WindowsPath('M:/Documents/Programming/Python/freqtrade/user_data/data/binance/futures/SAND_USDT_USDT-15m-futures.feather') exists=True
[DBG] _ohlcv_load pair='ATOM/USDT:USDT' tf='15m' ct=<CandleType.FUTURES: 'futures'> datadir=WindowsPath('M:/Documents/Programming/Python/freqtrade/user_data/data/binance') -> filename=WindowsPath('M:/Documents/Programming/Python/freqtrade/user_data/data/binance/futures/ATOM_USDT_USDT-15m-futures.feather') exists=True
[DBG] _ohlcv_load pair='LTC/USDT:USDT' tf='15m' ct=<CandleType.FUTURES: 'futures'> datadir=WindowsPath('M:/Documents/Programming/Python/freqtrade/user_data/data/binance') -> filename=WindowsPath('M:/Documents/Programming/Python/freqtrade/user_data/data/binance/futures/LTC_USDT_USDT-15m-futures.feather') exists=True
[DBG] _ohlcv_load pair='APE/USDT:USDT' tf='15m' ct=<CandleType.FUTURES: 'futures'> datadir=WindowsPath('M:/Documents/Programming/Python/freqtrade/user_data/data/binance') -> filename=WindowsPath('M:/Documents/Programming/Python/freqtrade/user_data/data/binance/futures/APE_USDT_USDT-15m-futures.feather') exists=True
[DBG] _ohlcv_load pair='ALGO/USDT:USDT' tf='15m' ct=<CandleType.FUTURES: 'futures'> datadir=WindowsPath('M:/Documents/Programming/Python/freqtrade/user_data/data/binance') -> filename=WindowsPath('M:/Documents/Programming/Python/freqtrade/user_data/data/binance/futures/ALGO_USDT_USDT-15m-futures.feather') exists=True
[DBG] _ohlcv_load pair='GRT/USDT:USDT' tf='15m' ct=<CandleType.FUTURES: 'futures'> datadir=WindowsPath('M:/Documents/Programming/Python/freqtrade/user_data/data/binance') -> filename=WindowsPath('M:/Documents/Programming/Python/freqtrade/user_data/data/binance/futures/GRT_USDT_USDT-15m-futures.feather') exists=True
[DBG] _ohlcv_load pair='ANKR/USDT:USDT' tf='15m' ct=<CandleType.FUTURES: 'futures'> datadir=WindowsPath('M:/Documents/Programming/Python/freqtrade/user_data/data/binance') -> filename=WindowsPath('M:/Documents/Programming/Python/freqtrade/user_data/data/binance/futures/ANKR_USDT_USDT-15m-futures.feather') exists=True
[DBG] _ohlcv_load pair='ONT/USDT:USDT' tf='15m' ct=<CandleType.FUTURES: 'futures'> datadir=WindowsPath('M:/Documents/Programming/Python/freqtrade/user_data/data/binance') -> filename=WindowsPath('M:/Documents/Programming/Python/freqtrade/user_data/data/binance/futures/ONT_USDT_USDT-15m-futures.feather') exists=True
[DBG] _ohlcv_load pair='SNX/USDT:USDT' tf='15m' ct=<CandleType.FUTURES: 'futures'> datadir=WindowsPath('M:/Documents/Programming/Python/freqtrade/user_data/data/binance') -> filename=WindowsPath('M:/Documents/Programming/Python/freqtrade/user_data/data/binance/futures/SNX_USDT_USDT-15m-futures.feather') exists=True
[DBG] _ohlcv_load pair='BAND/USDT:USDT' tf='15m' ct=<CandleType.FUTURES: 'futures'> datadir=WindowsPath('M:/Documents/Programming/Python/freqtrade/user_data/data/binance') -> filename=WindowsPath('M:/Documents/Programming/Python/freqtrade/user_data/data/binance/futures/BAND_USDT_USDT-15m-futures.feather') exists=True
[DBG] _ohlcv_load pair='BAT/USDT:USDT' tf='15m' ct=<CandleType.FUTURES: 'futures'> datadir=WindowsPath('M:/Documents/Programming/Python/freqtrade/user_data/data/binance') -> filename=WindowsPath('M:/Documents/Programming/Python/freqtrade/user_data/data/binance/futures/BAT_USDT_USDT-15m-futures.feather') exists=True
[DBG] _ohlcv_load pair='BCH/USDT:USDT' tf='15m' ct=<CandleType.FUTURES: 'futures'> datadir=WindowsPath('M:/Documents/Programming/Python/freqtrade/user_data/data/binance') -> filename=WindowsPath('M:/Documents/Programming/Python/freqtrade/user_data/data/binance/futures/BCH_USDT_USDT-15m-futures.feather') exists=True
[DBG] _ohlcv_load pair='IOTA/USDT:USDT' tf='15m' ct=<CandleType.FUTURES: 'futures'> datadir=WindowsPath('M:/Documents/Programming/Python/freqtrade/user_data/data/binance') -> filename=WindowsPath('M:/Documents/Programming/Python/freqtrade/user_data/data/binance/futures/IOTA_USDT_USDT-15m-futures.feather') exists=True
[DBG] _ohlcv_load pair='LINK/USDT:USDT' tf='15m' ct=<CandleType.FUTURES: 'futures'> datadir=WindowsPath('M:/Documents/Programming/Python/freqtrade/user_data/data/binance') -> filename=WindowsPath('M:/Documents/Programming/Python/freqtrade/user_data/data/binance/futures/LINK_USDT_USDT-15m-futures.feather') exists=True
[DBG] _ohlcv_load pair='XTZ/USDT:USDT' tf='15m' ct=<CandleType.FUTURES: 'futures'> datadir=WindowsPath('M:/Documents/Programming/Python/freqtrade/user_data/data/binance') -> filename=WindowsPath('M:/Documents/Programming/Python/freqtrade/user_data/data/binance/futures/XTZ_USDT_USDT-15m-futures.feather') exists=True
[DBG] _ohlcv_load pair='NEO/USDT:USDT' tf='15m' ct=<CandleType.FUTURES: 'futures'> datadir=WindowsPath('M:/Documents/Programming/Python/freqtrade/user_data/data/binance') -> filename=WindowsPath('M:/Documents/Programming/Python/freqtrade/user_data/data/binance/futures/NEO_USDT_USDT-15m-futures.feather') exists=True
[DBG] _ohlcv_load pair='DOGE/USDT:USDT' tf='8h' ct=<CandleType.FUNDING_RATE: 'funding_rate'> datadir=WindowsPath('M:/Documents/Programming/Python/freqtrade/user_data/data/binance') -> filename=WindowsPath('M:/Documents/Programming/Python/freqtrade/user_data/data/binance/futures/DOGE_USDT_USDT-8h-funding_rate.feather') exists=True
[DBG] _ohlcv_load pair='XRP/USDT:USDT' tf='8h' ct=<CandleType.FUNDING_RATE: 'funding_rate'> datadir=WindowsPath('M:/Documents/Programming/Python/freqtrade/user_data/data/binance') -> filename=WindowsPath('M:/Documents/Programming/Python/freqtrade/user_data/data/binance/futures/XRP_USDT_USDT-8h-funding_rate.feather') exists=True
[DBG] _ohlcv_load pair='ENJ/USDT:USDT' tf='8h' ct=<CandleType.FUNDING_RATE: 'funding_rate'> datadir=WindowsPath('M:/Documents/Programming/Python/freqtrade/user_data/data/binance') -> filename=WindowsPath('M:/Documents/Programming/Python/freqtrade/user_data/data/binance/futures/ENJ_USDT_USDT-8h-funding_rate.feather') exists=True
[DBG] _ohlcv_load pair='DOT/USDT:USDT' tf='8h' ct=<CandleType.FUNDING_RATE: 'funding_rate'> datadir=WindowsPath('M:/Documents/Programming/Python/freqtrade/user_data/data/binance') -> filename=WindowsPath('M:/Documents/Programming/Python/freqtrade/user_data/data/binance/futures/DOT_USDT_USDT-8h-funding_rate.feather') exists=True
[DBG] _ohlcv_load pair='CRV/USDT:USDT' tf='8h' ct=<CandleType.FUNDING_RATE: 'funding_rate'> datadir=WindowsPath('M:/Documents/Programming/Python/freqtrade/user_data/data/binance') -> filename=WindowsPath('M:/Documents/Programming/Python/freqtrade/user_data/data/binance/futures/CRV_USDT_USDT-8h-funding_rate.feather') exists=True
[DBG] _ohlcv_load pair='MANA/USDT:USDT' tf='8h' ct=<CandleType.FUNDING_RATE: 'funding_rate'> datadir=WindowsPath('M:/Documents/Programming/Python/freqtrade/user_data/data/binance') -> filename=WindowsPath('M:/Documents/Programming/Python/freqtrade/user_data/data/binance/futures/MANA_USDT_USDT-8h-funding_rate.feather') exists=True
[DBG] _ohlcv_load pair='SAND/USDT:USDT' tf='8h' ct=<CandleType.FUNDING_RATE: 'funding_rate'> datadir=WindowsPath('M:/Documents/Programming/Python/freqtrade/user_data/data/binance') -> filename=WindowsPath('M:/Documents/Programming/Python/freqtrade/user_data/data/binance/futures/SAND_USDT_USDT-8h-funding_rate.feather') exists=True
[DBG] _ohlcv_load pair='ATOM/USDT:USDT' tf='8h' ct=<CandleType.FUNDING_RATE: 'funding_rate'> datadir=WindowsPath('M:/Documents/Programming/Python/freqtrade/user_data/data/binance') -> filename=WindowsPath('M:/Documents/Programming/Python/freqtrade/user_data/data/binance/futures/ATOM_USDT_USDT-8h-funding_rate.feather') exists=True
[DBG] _ohlcv_load pair='LTC/USDT:USDT' tf='8h' ct=<CandleType.FUNDING_RATE: 'funding_rate'> datadir=WindowsPath('M:/Documents/Programming/Python/freqtrade/user_data/data/binance') -> filename=WindowsPath('M:/Documents/Programming/Python/freqtrade/user_data/data/binance/futures/LTC_USDT_USDT-8h-funding_rate.feather') exists=True
[DBG] _ohlcv_load pair='APE/USDT:USDT' tf='8h' ct=<CandleType.FUNDING_RATE: 'funding_rate'> datadir=WindowsPath('M:/Documents/Programming/Python/freqtrade/user_data/data/binance') -> filename=WindowsPath('M:/Documents/Programming/Python/freqtrade/user_data/data/binance/futures/APE_USDT_USDT-8h-funding_rate.feather') exists=True
[DBG] _ohlcv_load pair='ALGO/USDT:USDT' tf='8h' ct=<CandleType.FUNDING_RATE: 'funding_rate'> datadir=WindowsPath('M:/Documents/Programming/Python/freqtrade/user_data/data/binance') -> filename=WindowsPath('M:/Documents/Programming/Python/freqtrade/user_data/data/binance/futures/ALGO_USDT_USDT-8h-funding_rate.feather') exists=True
[DBG] _ohlcv_load pair='GRT/USDT:USDT' tf='8h' ct=<CandleType.FUNDING_RATE: 'funding_rate'> datadir=WindowsPath('M:/Documents/Programming/Python/freqtrade/user_data/data/binance') -> filename=WindowsPath('M:/Documents/Programming/Python/freqtrade/user_data/data/binance/futures/GRT_USDT_USDT-8h-funding_rate.feather') exists=True
[DBG] _ohlcv_load pair='ANKR/USDT:USDT' tf='8h' ct=<CandleType.FUNDING_RATE: 'funding_rate'> datadir=WindowsPath('M:/Documents/Programming/Python/freqtrade/user_data/data/binance') -> filename=WindowsPath('M:/Documents/Programming/Python/freqtrade/user_data/data/binance/futures/ANKR_USDT_USDT-8h-funding_rate.feather') exists=True
[DBG] _ohlcv_load pair='ONT/USDT:USDT' tf='8h' ct=<CandleType.FUNDING_RATE: 'funding_rate'> datadir=WindowsPath('M:/Documents/Programming/Python/freqtrade/user_data/data/binance') -> filename=WindowsPath('M:/Documents/Programming/Python/freqtrade/user_data/data/binance/futures/ONT_USDT_USDT-8h-funding_rate.feather') exists=True
[DBG] _ohlcv_load pair='SNX/USDT:USDT' tf='8h' ct=<CandleType.FUNDING_RATE: 'funding_rate'> datadir=WindowsPath('M:/Documents/Programming/Python/freqtrade/user_data/data/binance') -> filename=WindowsPath('M:/Documents/Programming/Python/freqtrade/user_data/data/binance/futures/SNX_USDT_USDT-8h-funding_rate.feather') exists=True
[DBG] _ohlcv_load pair='BAND/USDT:USDT' tf='8h' ct=<CandleType.FUNDING_RATE: 'funding_rate'> datadir=WindowsPath('M:/Documents/Programming/Python/freqtrade/user_data/data/binance') -> filename=WindowsPath('M:/Documents/Programming/Python/freqtrade/user_data/data/binance/futures/BAND_USDT_USDT-8h-funding_rate.feather') exists=True
[DBG] _ohlcv_load pair='BAT/USDT:USDT' tf='8h' ct=<CandleType.FUNDING_RATE: 'funding_rate'> datadir=WindowsPath('M:/Documents/Programming/Python/freqtrade/user_data/data/binance') -> filename=WindowsPath('M:/Documents/Programming/Python/freqtrade/user_data/data/binance/futures/BAT_USDT_USDT-8h-funding_rate.feather') exists=True
[DBG] _ohlcv_load pair='BCH/USDT:USDT' tf='8h' ct=<CandleType.FUNDING_RATE: 'funding_rate'> datadir=WindowsPath('M:/Documents/Programming/Python/freqtrade/user_data/data/binance') -> filename=WindowsPath('M:/Documents/Programming/Python/freqtrade/user_data/data/binance/futures/BCH_USDT_USDT-8h-funding_rate.feather') exists=True
[DBG] _ohlcv_load pair='IOTA/USDT:USDT' tf='8h' ct=<CandleType.FUNDING_RATE: 'funding_rate'> datadir=WindowsPath('M:/Documents/Programming/Python/freqtrade/user_data/data/binance') -> filename=WindowsPath('M:/Documents/Programming/Python/freqtrade/user_data/data/binance/futures/IOTA_USDT_USDT-8h-funding_rate.feather') exists=True
[DBG] _ohlcv_load pair='LINK/USDT:USDT' tf='8h' ct=<CandleType.FUNDING_RATE: 'funding_rate'> datadir=WindowsPath('M:/Documents/Programming/Python/freqtrade/user_data/data/binance') -> filename=WindowsPath('M:/Documents/Programming/Python/freqtrade/user_data/data/binance/futures/LINK_USDT_USDT-8h-funding_rate.feather') exists=True
[DBG] _ohlcv_load pair='XTZ/USDT:USDT' tf='8h' ct=<CandleType.FUNDING_RATE: 'funding_rate'> datadir=WindowsPath('M:/Documents/Programming/Python/freqtrade/user_data/data/binance') -> filename=WindowsPath('M:/Documents/Programming/Python/freqtrade/user_data/data/binance/futures/XTZ_USDT_USDT-8h-funding_rate.feather') exists=True
[DBG] _ohlcv_load pair='NEO/USDT:USDT' tf='8h' ct=<CandleType.FUNDING_RATE: 'funding_rate'> datadir=WindowsPath('M:/Documents/Programming/Python/freqtrade/user_data/data/binance') -> filename=WindowsPath('M:/Documents/Programming/Python/freqtrade/user_data/data/binance/futures/NEO_USDT_USDT-8h-funding_rate.feather') exists=True
[DBG] _ohlcv_load pair='DOGE/USDT:USDT' tf='8h' ct=<CandleType.MARK: 'mark'> datadir=WindowsPath('M:/Documents/Programming/Python/freqtrade/user_data/data/binance') -> filename=WindowsPath('M:/Documents/Programming/Python/freqtrade/user_data/data/binance/futures/DOGE_USDT_USDT-8h-mark.feather') exists=True
[DBG] _ohlcv_load pair='XRP/USDT:USDT' tf='8h' ct=<CandleType.MARK: 'mark'> datadir=WindowsPath('M:/Documents/Programming/Python/freqtrade/user_data/data/binance') -> filename=WindowsPath('M:/Documents/Programming/Python/freqtrade/user_data/data/binance/futures/XRP_USDT_USDT-8h-mark.feather') exists=True
[DBG] _ohlcv_load pair='ENJ/USDT:USDT' tf='8h' ct=<CandleType.MARK: 'mark'> datadir=WindowsPath('M:/Documents/Programming/Python/freqtrade/user_data/data/binance') -> filename=WindowsPath('M:/Documents/Programming/Python/freqtrade/user_data/data/binance/futures/ENJ_USDT_USDT-8h-mark.feather') exists=True
[DBG] _ohlcv_load pair='DOT/USDT:USDT' tf='8h' ct=<CandleType.MARK: 'mark'> datadir=WindowsPath('M:/Documents/Programming/Python/freqtrade/user_data/data/binance') -> filename=WindowsPath('M:/Documents/Programming/Python/freqtrade/user_data/data/binance/futures/DOT_USDT_USDT-8h-mark.feather') exists=True
[DBG] _ohlcv_load pair='CRV/USDT:USDT' tf='8h' ct=<CandleType.MARK: 'mark'> datadir=WindowsPath('M:/Documents/Programming/Python/freqtrade/user_data/data/binance') -> filename=WindowsPath('M:/Documents/Programming/Python/freqtrade/user_data/data/binance/futures/CRV_USDT_USDT-8h-mark.feather') exists=True
[DBG] _ohlcv_load pair='MANA/USDT:USDT' tf='8h' ct=<CandleType.MARK: 'mark'> datadir=WindowsPath('M:/Documents/Programming/Python/freqtrade/user_data/data/binance') -> filename=WindowsPath('M:/Documents/Programming/Python/freqtrade/user_data/data/binance/futures/MANA_USDT_USDT-8h-mark.feather') exists=True
[DBG] _ohlcv_load pair='SAND/USDT:USDT' tf='8h' ct=<CandleType.MARK: 'mark'> datadir=WindowsPath('M:/Documents/Programming/Python/freqtrade/user_data/data/binance') -> filename=WindowsPath('M:/Documents/Programming/Python/freqtrade/user_data/data/binance/futures/SAND_USDT_USDT-8h-mark.feather') exists=True
[DBG] _ohlcv_load pair='ATOM/USDT:USDT' tf='8h' ct=<CandleType.MARK: 'mark'> datadir=WindowsPath('M:/Documents/Programming/Python/freqtrade/user_data/data/binance') -> filename=WindowsPath('M:/Documents/Programming/Python/freqtrade/user_data/data/binance/futures/ATOM_USDT_USDT-8h-mark.feather') exists=True
[DBG] _ohlcv_load pair='LTC/USDT:USDT' tf='8h' ct=<CandleType.MARK: 'mark'> datadir=WindowsPath('M:/Documents/Programming/Python/freqtrade/user_data/data/binance') -> filename=WindowsPath('M:/Documents/Programming/Python/freqtrade/user_data/data/binance/futures/LTC_USDT_USDT-8h-mark.feather') exists=True
[DBG] _ohlcv_load pair='APE/USDT:USDT' tf='8h' ct=<CandleType.MARK: 'mark'> datadir=WindowsPath('M:/Documents/Programming/Python/freqtrade/user_data/data/binance') -> filename=WindowsPath('M:/Documents/Programming/Python/freqtrade/user_data/data/binance/futures/APE_USDT_USDT-8h-mark.feather') exists=True
[DBG] _ohlcv_load pair='ALGO/USDT:USDT' tf='8h' ct=<CandleType.MARK: 'mark'> datadir=WindowsPath('M:/Documents/Programming/Python/freqtrade/user_data/data/binance') -> filename=WindowsPath('M:/Documents/Programming/Python/freqtrade/user_data/data/binance/futures/ALGO_USDT_USDT-8h-mark.feather') exists=True
[DBG] _ohlcv_load pair='GRT/USDT:USDT' tf='8h' ct=<CandleType.MARK: 'mark'> datadir=WindowsPath('M:/Documents/Programming/Python/freqtrade/user_data/data/binance') -> filename=WindowsPath('M:/Documents/Programming/Python/freqtrade/user_data/data/binance/futures/GRT_USDT_USDT-8h-mark.feather') exists=True
[DBG] _ohlcv_load pair='ANKR/USDT:USDT' tf='8h' ct=<CandleType.MARK: 'mark'> datadir=WindowsPath('M:/Documents/Programming/Python/freqtrade/user_data/data/binance') -> filename=WindowsPath('M:/Documents/Programming/Python/freqtrade/user_data/data/binance/futures/ANKR_USDT_USDT-8h-mark.feather') exists=True
[DBG] _ohlcv_load pair='ONT/USDT:USDT' tf='8h' ct=<CandleType.MARK: 'mark'> datadir=WindowsPath('M:/Documents/Programming/Python/freqtrade/user_data/data/binance') -> filename=WindowsPath('M:/Documents/Programming/Python/freqtrade/user_data/data/binance/futures/ONT_USDT_USDT-8h-mark.feather') exists=True
[DBG] _ohlcv_load pair='SNX/USDT:USDT' tf='8h' ct=<CandleType.MARK: 'mark'> datadir=WindowsPath('M:/Documents/Programming/Python/freqtrade/user_data/data/binance') -> filename=WindowsPath('M:/Documents/Programming/Python/freqtrade/user_data/data/binance/futures/SNX_USDT_USDT-8h-mark.feather') exists=True
[DBG] _ohlcv_load pair='BAND/USDT:USDT' tf='8h' ct=<CandleType.MARK: 'mark'> datadir=WindowsPath('M:/Documents/Programming/Python/freqtrade/user_data/data/binance') -> filename=WindowsPath('M:/Documents/Programming/Python/freqtrade/user_data/data/binance/futures/BAND_USDT_USDT-8h-mark.feather') exists=True
[DBG] _ohlcv_load pair='BAT/USDT:USDT' tf='8h' ct=<CandleType.MARK: 'mark'> datadir=WindowsPath('M:/Documents/Programming/Python/freqtrade/user_data/data/binance') -> filename=WindowsPath('M:/Documents/Programming/Python/freqtrade/user_data/data/binance/futures/BAT_USDT_USDT-8h-mark.feather') exists=True
[DBG] _ohlcv_load pair='BCH/USDT:USDT' tf='8h' ct=<CandleType.MARK: 'mark'> datadir=WindowsPath('M:/Documents/Programming/Python/freqtrade/user_data/data/binance') -> filename=WindowsPath('M:/Documents/Programming/Python/freqtrade/user_data/data/binance/futures/BCH_USDT_USDT-8h-mark.feather') exists=True
[DBG] _ohlcv_load pair='IOTA/USDT:USDT' tf='8h' ct=<CandleType.MARK: 'mark'> datadir=WindowsPath('M:/Documents/Programming/Python/freqtrade/user_data/data/binance') -> filename=WindowsPath('M:/Documents/Programming/Python/freqtrade/user_data/data/binance/futures/IOTA_USDT_USDT-8h-mark.feather') exists=True
[DBG] _ohlcv_load pair='LINK/USDT:USDT' tf='8h' ct=<CandleType.MARK: 'mark'> datadir=WindowsPath('M:/Documents/Programming/Python/freqtrade/user_data/data/binance') -> filename=WindowsPath('M:/Documents/Programming/Python/freqtrade/user_data/data/binance/futures/LINK_USDT_USDT-8h-mark.feather') exists=True
[DBG] _ohlcv_load pair='XTZ/USDT:USDT' tf='8h' ct=<CandleType.MARK: 'mark'> datadir=WindowsPath('M:/Documents/Programming/Python/freqtrade/user_data/data/binance') -> filename=WindowsPath('M:/Documents/Programming/Python/freqtrade/user_data/data/binance/futures/XTZ_USDT_USDT-8h-mark.feather') exists=True
[DBG] _ohlcv_load pair='NEO/USDT:USDT' tf='8h' ct=<CandleType.MARK: 'mark'> datadir=WindowsPath('M:/Documents/Programming/Python/freqtrade/user_data/data/binance') -> filename=WindowsPath('M:/Documents/Programming/Python/freqtrade/user_data/data/binance/futures/NEO_USDT_USDT-8h-mark.feather') exists=True
[DBG] _ohlcv_load pair='DOGE/USDT:USDT' tf='15m' ct=<CandleType.FUTURES: 'futures'> datadir=WindowsPath('M:/Documents/Programming/Python/freqtrade/user_data/data/binance') -> filename=WindowsPath('M:/Documents/Programming/Python/freqtrade/user_data/data/binance/futures/DOGE_USDT_USDT-15m-futures.feather') exists=True
[DBG] _ohlcv_load pair='XRP/USDT:USDT' tf='15m' ct=<CandleType.FUTURES: 'futures'> datadir=WindowsPath('M:/Documents/Programming/Python/freqtrade/user_data/data/binance') -> filename=WindowsPath('M:/Documents/Programming/Python/freqtrade/user_data/data/binance/futures/XRP_USDT_USDT-15m-futures.feather') exists=True
[DBG] _ohlcv_load pair='ENJ/USDT:USDT' tf='15m' ct=<CandleType.FUTURES: 'futures'> datadir=WindowsPath('M:/Documents/Programming/Python/freqtrade/user_data/data/binance') -> filename=WindowsPath('M:/Documents/Programming/Python/freqtrade/user_data/data/binance/futures/ENJ_USDT_USDT-15m-futures.feather') exists=True
[DBG] _ohlcv_load pair='DOT/USDT:USDT' tf='15m' ct=<CandleType.FUTURES: 'futures'> datadir=WindowsPath('M:/Documents/Programming/Python/freqtrade/user_data/data/binance') -> filename=WindowsPath('M:/Documents/Programming/Python/freqtrade/user_data/data/binance/futures/DOT_USDT_USDT-15m-futures.feather') exists=True
[DBG] _ohlcv_load pair='CRV/USDT:USDT' tf='15m' ct=<CandleType.FUTURES: 'futures'> datadir=WindowsPath('M:/Documents/Programming/Python/freqtrade/user_data/data/binance') -> filename=WindowsPath('M:/Documents/Programming/Python/freqtrade/user_data/data/binance/futures/CRV_USDT_USDT-15m-futures.feather') exists=True
[DBG] _ohlcv_load pair='MANA/USDT:USDT' tf='15m' ct=<CandleType.FUTURES: 'futures'> datadir=WindowsPath('M:/Documents/Programming/Python/freqtrade/user_data/data/binance') -> filename=WindowsPath('M:/Documents/Programming/Python/freqtrade/user_data/data/binance/futures/MANA_USDT_USDT-15m-futures.feather') exists=True
[DBG] _ohlcv_load pair='SAND/USDT:USDT' tf='15m' ct=<CandleType.FUTURES: 'futures'> datadir=WindowsPath('M:/Documents/Programming/Python/freqtrade/user_data/data/binance') -> filename=WindowsPath('M:/Documents/Programming/Python/freqtrade/user_data/data/binance/futures/SAND_USDT_USDT-15m-futures.feather') exists=True
[DBG] _ohlcv_load pair='ATOM/USDT:USDT' tf='15m' ct=<CandleType.FUTURES: 'futures'> datadir=WindowsPath('M:/Documents/Programming/Python/freqtrade/user_data/data/binance') -> filename=WindowsPath('M:/Documents/Programming/Python/freqtrade/user_data/data/binance/futures/ATOM_USDT_USDT-15m-futures.feather') exists=True
[DBG] _ohlcv_load pair='LTC/USDT:USDT' tf='15m' ct=<CandleType.FUTURES: 'futures'> datadir=WindowsPath('M:/Documents/Programming/Python/freqtrade/user_data/data/binance') -> filename=WindowsPath('M:/Documents/Programming/Python/freqtrade/user_data/data/binance/futures/LTC_USDT_USDT-15m-futures.feather') exists=True
[DBG] _ohlcv_load pair='APE/USDT:USDT' tf='15m' ct=<CandleType.FUTURES: 'futures'> datadir=WindowsPath('M:/Documents/Programming/Python/freqtrade/user_data/data/binance') -> filename=WindowsPath('M:/Documents/Programming/Python/freqtrade/user_data/data/binance/futures/APE_USDT_USDT-15m-futures.feather') exists=True
[DBG] _ohlcv_load pair='ALGO/USDT:USDT' tf='15m' ct=<CandleType.FUTURES: 'futures'> datadir=WindowsPath('M:/Documents/Programming/Python/freqtrade/user_data/data/binance') -> filename=WindowsPath('M:/Documents/Programming/Python/freqtrade/user_data/data/binance/futures/ALGO_USDT_USDT-15m-futures.feather') exists=True
[DBG] _ohlcv_load pair='GRT/USDT:USDT' tf='15m' ct=<CandleType.FUTURES: 'futures'> datadir=WindowsPath('M:/Documents/Programming/Python/freqtrade/user_data/data/binance') -> filename=WindowsPath('M:/Documents/Programming/Python/freqtrade/user_data/data/binance/futures/GRT_USDT_USDT-15m-futures.feather') exists=True
[DBG] _ohlcv_load pair='ANKR/USDT:USDT' tf='15m' ct=<CandleType.FUTURES: 'futures'> datadir=WindowsPath('M:/Documents/Programming/Python/freqtrade/user_data/data/binance') -> filename=WindowsPath('M:/Documents/Programming/Python/freqtrade/user_data/data/binance/futures/ANKR_USDT_USDT-15m-futures.feather') exists=True
[DBG] _ohlcv_load pair='ONT/USDT:USDT' tf='15m' ct=<CandleType.FUTURES: 'futures'> datadir=WindowsPath('M:/Documents/Programming/Python/freqtrade/user_data/data/binance') -> filename=WindowsPath('M:/Documents/Programming/Python/freqtrade/user_data/data/binance/futures/ONT_USDT_USDT-15m-futures.feather') exists=True
[DBG] _ohlcv_load pair='SNX/USDT:USDT' tf='15m' ct=<CandleType.FUTURES: 'futures'> datadir=WindowsPath('M:/Documents/Programming/Python/freqtrade/user_data/data/binance') -> filename=WindowsPath('M:/Documents/Programming/Python/freqtrade/user_data/data/binance/futures/SNX_USDT_USDT-15m-futures.feather') exists=True
[DBG] _ohlcv_load pair='BAND/USDT:USDT' tf='15m' ct=<CandleType.FUTURES: 'futures'> datadir=WindowsPath('M:/Documents/Programming/Python/freqtrade/user_data/data/binance') -> filename=WindowsPath('M:/Documents/Programming/Python/freqtrade/user_data/data/binance/futures/BAND_USDT_USDT-15m-futures.feather') exists=True
[DBG] _ohlcv_load pair='BAT/USDT:USDT' tf='15m' ct=<CandleType.FUTURES: 'futures'> datadir=WindowsPath('M:/Documents/Programming/Python/freqtrade/user_data/data/binance') -> filename=WindowsPath('M:/Documents/Programming/Python/freqtrade/user_data/data/binance/futures/BAT_USDT_USDT-15m-futures.feather') exists=True
[DBG] _ohlcv_load pair='BCH/USDT:USDT' tf='15m' ct=<CandleType.FUTURES: 'futures'> datadir=WindowsPath('M:/Documents/Programming/Python/freqtrade/user_data/data/binance') -> filename=WindowsPath('M:/Documents/Programming/Python/freqtrade/user_data/data/binance/futures/BCH_USDT_USDT-15m-futures.feather') exists=True
[DBG] _ohlcv_load pair='IOTA/USDT:USDT' tf='15m' ct=<CandleType.FUTURES: 'futures'> datadir=WindowsPath('M:/Documents/Programming/Python/freqtrade/user_data/data/binance') -> filename=WindowsPath('M:/Documents/Programming/Python/freqtrade/user_data/data/binance/futures/IOTA_USDT_USDT-15m-futures.feather') exists=True
[DBG] _ohlcv_load pair='LINK/USDT:USDT' tf='15m' ct=<CandleType.FUTURES: 'futures'> datadir=WindowsPath('M:/Documents/Programming/Python/freqtrade/user_data/data/binance') -> filename=WindowsPath('M:/Documents/Programming/Python/freqtrade/user_data/data/binance/futures/LINK_USDT_USDT-15m-futures.feather') exists=True
[DBG] _ohlcv_load pair='XTZ/USDT:USDT' tf='15m' ct=<CandleType.FUTURES: 'futures'> datadir=WindowsPath('M:/Documents/Programming/Python/freqtrade/user_data/data/binance') -> filename=WindowsPath('M:/Documents/Programming/Python/freqtrade/user_data/data/binance/futures/XTZ_USDT_USDT-15m-futures.feather') exists=True
[DBG] _ohlcv_load pair='NEO/USDT:USDT' tf='15m' ct=<CandleType.FUTURES: 'futures'> datadir=WindowsPath('M:/Documents/Programming/Python/freqtrade/user_data/data/binance') -> filename=WindowsPath('M:/Documents/Programming/Python/freqtrade/user_data/data/binance/futures/NEO_USDT_USDT-15m-futures.feather') exists=True
