2026-09-05 13:54:35,353 - freqtrade - INFO - freqtrade 2025.4-dev-bb0639f9e
2026-09-05 13:54:36,201 - freqtrade.configuration.load_config - INFO - Using config: M:\Documents\Programming\Python\freqtrade\user_data\config_benchmark.json ...
2026-09-05 13:54:36,209 - freqtrade.loggers - INFO - Enabling colorized output.
2026-09-05 13:54:36,211 - root - INFO - Logfile configured
2026-09-05 13:54:36,211 - freqtrade.loggers - INFO - Verbosity set to 2
2026-09-05 13:54:36,213 - freqtrade.configuration.configuration - INFO - Using max_open_trades: 6 ...
2026-09-05 13:54:36,215 - freqtrade.configuration.configuration - INFO - Parameter --timerange detected: 20190908-20260830 ...
2026-09-05 13:54:36,217 - freqtrade.configuration.configuration - INFO - Using user-data directory: M:\Documents\Programming\Python\freqtrade\user_data ...
2026-09-05 13:54:36,219 - freqtrade.configuration.configuration - INFO - Using data directory: M:\Documents\Programming\Python\freqtrade\user_data\data\binance ...
2026-09-05 13:54:36,220 - freqtrade.configuration.configuration - INFO - Parameter --epochs detected ... Will run Hyperopt with for 5 epochs ...
2026-09-05 13:54:36,221 - freqtrade.configuration.configuration - INFO - Parameter -s/--spaces detected: ['buy', 'sell', 'roi', 'stoploss', 'trailing']
2026-09-05 13:54:36,223 - freqtrade.configuration.configuration - INFO - Parameter -j/--job-workers detected: -1
2026-09-05 13:54:36,224 - freqtrade.configuration.configuration - INFO - Parameter --min-trades detected: 1
2026-09-05 13:54:36,225 - freqtrade.configuration.configuration - INFO - Using Hyperopt loss class name: SharpeHyperOptLossDaily
2026-09-05 13:54:36,226 - freqtrade.configuration.configuration - INFO - Filter trades by timerange: 20190908-20260830
2026-09-05 13:54:36,229 - freqtrade.exchange.check_exchange - INFO - Checking exchange...
2026-09-05 13:54:36,236 - freqtrade.exchange.check_exchange - INFO - Exchange "binance" is officially supported by the Freqtrade development team.
2026-09-05 13:54:36,238 - freqtrade.configuration.configuration - INFO - Using pairlist from configuration.
2026-09-05 13:54:36,239 - freqtrade.configuration.config_validation - INFO - Validating configuration ...
2026-09-05 13:54:36,242 - freqtrade.commands.optimize_commands - INFO - Starting freqtrade in Walk-forward mode
2026-09-05 13:54:37,260 - freqtrade.commands.optimize_commands - INFO - Another running instance of freqtrade Hyperopt detected.
2026-09-05 13:54:37,265 - freqtrade.commands.optimize_commands - INFO - Simultaneous execution of multiple optimization commands is not supported.
